Archive member included to satisfy reference by file (symbol)

c:/program files (x86)/gnu arm embedded toolchain/10 2021.10/bin/../lib/gcc/arm-none-eabi/10.3.1/../../../../arm-none-eabi/lib/thumb/v7e-m+fp/hard\libc_nano.a(lib_a-exit.o)
                              c:/program files (x86)/gnu arm embedded toolchain/10 2021.10/bin/../lib/gcc/arm-none-eabi/10.3.1/../../../../arm-none-eabi/lib/thumb/v7e-m+fp/hard/crt0.o (exit)
c:/program files (x86)/gnu arm embedded toolchain/10 2021.10/bin/../lib/gcc/arm-none-eabi/10.3.1/../../../../arm-none-eabi/lib/thumb/v7e-m+fp/hard\libc_nano.a(lib_a-impure.o)
                              c:/program files (x86)/gnu arm embedded toolchain/10 2021.10/bin/../lib/gcc/arm-none-eabi/10.3.1/../../../../arm-none-eabi/lib/thumb/v7e-m+fp/hard\libc_nano.a(lib_a-exit.o) (_global_impure_ptr)
c:/program files (x86)/gnu arm embedded toolchain/10 2021.10/bin/../lib/gcc/arm-none-eabi/10.3.1/../../../../arm-none-eabi/lib/thumb/v7e-m+fp/hard\libc_nano.a(lib_a-init.o)
                              c:/program files (x86)/gnu arm embedded toolchain/10 2021.10/bin/../lib/gcc/arm-none-eabi/10.3.1/../../../../arm-none-eabi/lib/thumb/v7e-m+fp/hard/crt0.o (__libc_init_array)
c:/program files (x86)/gnu arm embedded toolchain/10 2021.10/bin/../lib/gcc/arm-none-eabi/10.3.1/../../../../arm-none-eabi/lib/thumb/v7e-m+fp/hard\libc_nano.a(lib_a-malloc.o)
                              build/main.o (malloc)
c:/program files (x86)/gnu arm embedded toolchain/10 2021.10/bin/../lib/gcc/arm-none-eabi/10.3.1/../../../../arm-none-eabi/lib/thumb/v7e-m+fp/hard\libc_nano.a(lib_a-memset.o)
                              c:/program files (x86)/gnu arm embedded toolchain/10 2021.10/bin/../lib/gcc/arm-none-eabi/10.3.1/../../../../arm-none-eabi/lib/thumb/v7e-m+fp/hard/crt0.o (memset)
c:/program files (x86)/gnu arm embedded toolchain/10 2021.10/bin/../lib/gcc/arm-none-eabi/10.3.1/../../../../arm-none-eabi/lib/thumb/v7e-m+fp/hard\libc_nano.a(lib_a-nano-freer.o)
                              c:/program files (x86)/gnu arm embedded toolchain/10 2021.10/bin/../lib/gcc/arm-none-eabi/10.3.1/../../../../arm-none-eabi/lib/thumb/v7e-m+fp/hard\libc_nano.a(lib_a-malloc.o) (_free_r)
c:/program files (x86)/gnu arm embedded toolchain/10 2021.10/bin/../lib/gcc/arm-none-eabi/10.3.1/../../../../arm-none-eabi/lib/thumb/v7e-m+fp/hard\libc_nano.a(lib_a-nano-mallocr.o)
                              c:/program files (x86)/gnu arm embedded toolchain/10 2021.10/bin/../lib/gcc/arm-none-eabi/10.3.1/../../../../arm-none-eabi/lib/thumb/v7e-m+fp/hard\libc_nano.a(lib_a-malloc.o) (_malloc_r)
c:/program files (x86)/gnu arm embedded toolchain/10 2021.10/bin/../lib/gcc/arm-none-eabi/10.3.1/../../../../arm-none-eabi/lib/thumb/v7e-m+fp/hard\libc_nano.a(lib_a-sbrkr.o)
                              c:/program files (x86)/gnu arm embedded toolchain/10 2021.10/bin/../lib/gcc/arm-none-eabi/10.3.1/../../../../arm-none-eabi/lib/thumb/v7e-m+fp/hard\libc_nano.a(lib_a-nano-mallocr.o) (_sbrk_r)
c:/program files (x86)/gnu arm embedded toolchain/10 2021.10/bin/../lib/gcc/arm-none-eabi/10.3.1/../../../../arm-none-eabi/lib/thumb/v7e-m+fp/hard\libc_nano.a(lib_a-strlen.o)
                              build/main.o (strlen)
c:/program files (x86)/gnu arm embedded toolchain/10 2021.10/bin/../lib/gcc/arm-none-eabi/10.3.1/../../../../arm-none-eabi/lib/thumb/v7e-m+fp/hard\libc_nano.a(lib_a-vsnprintf.o)
                              build/main.o (vsnprintf)
c:/program files (x86)/gnu arm embedded toolchain/10 2021.10/bin/../lib/gcc/arm-none-eabi/10.3.1/../../../../arm-none-eabi/lib/thumb/v7e-m+fp/hard\libc_nano.a(lib_a-mlock.o)
                              c:/program files (x86)/gnu arm embedded toolchain/10 2021.10/bin/../lib/gcc/arm-none-eabi/10.3.1/../../../../arm-none-eabi/lib/thumb/v7e-m+fp/hard\libc_nano.a(lib_a-nano-freer.o) (__malloc_lock)
c:/program files (x86)/gnu arm embedded toolchain/10 2021.10/bin/../lib/gcc/arm-none-eabi/10.3.1/../../../../arm-none-eabi/lib/thumb/v7e-m+fp/hard\libc_nano.a(lib_a-nano-svfprintf.o)
                              c:/program files (x86)/gnu arm embedded toolchain/10 2021.10/bin/../lib/gcc/arm-none-eabi/10.3.1/../../../../arm-none-eabi/lib/thumb/v7e-m+fp/hard\libc_nano.a(lib_a-vsnprintf.o) (_svfprintf_r)
c:/program files (x86)/gnu arm embedded toolchain/10 2021.10/bin/../lib/gcc/arm-none-eabi/10.3.1/../../../../arm-none-eabi/lib/thumb/v7e-m+fp/hard\libc_nano.a(lib_a-nano-vfprintf_i.o)
                              c:/program files (x86)/gnu arm embedded toolchain/10 2021.10/bin/../lib/gcc/arm-none-eabi/10.3.1/../../../../arm-none-eabi/lib/thumb/v7e-m+fp/hard\libc_nano.a(lib_a-nano-svfprintf.o) (_printf_i)
c:/program files (x86)/gnu arm embedded toolchain/10 2021.10/bin/../lib/gcc/arm-none-eabi/10.3.1/../../../../arm-none-eabi/lib/thumb/v7e-m+fp/hard\libc_nano.a(lib_a-reent.o)
[...]
Memory Configuration

Name             Origin             Length             Attributes
RAM              0x20000000         0x00018000         xrw
FLASH            0x08000000         0x00060000         xr
*default*        0x00000000         0xffffffff

Linker script and memory map

LOAD c:/program files (x86)/gnu arm embedded toolchain/10 2021.10/bin/../lib/gcc/arm-none-eabi/10.3.1/thumb/v7e-m+fp/hard/crti.o
LOAD c:/program files (x86)/gnu arm embedded toolchain/10 2021.10/bin/../lib/gcc/arm-none-eabi/10.3.1/thumb/v7e-m+fp/hard/crtbegin.o
LOAD c:/program files (x86)/gnu arm embedded toolchain/10 2021.10/bin/../lib/gcc/arm-none-eabi/10.3.1/../../../../arm-none-eabi/lib/thumb/v7e-m+fp/hard/crt0.o
LOAD build/main.o
LOAD build/stm32f4xx_it.o
LOAD build/stm32f4xx_hal_msp.o
LOAD build/stm32f4xx_hal_tim.o
LOAD build/stm32f4xx_hal_tim_ex.o
LOAD build/stm32f4xx_hal_rcc.o
LOAD build/stm32f4xx_hal_rcc_ex.o
LOAD build/stm32f4xx_hal_flash.o
LOAD build/stm32f4xx_hal_flash_ex.o
LOAD build/stm32f4xx_hal_flash_ramfunc.o
LOAD build/stm32f4xx_hal_gpio.o
LOAD build/stm32f4xx_hal_dma_ex.o
LOAD build/stm32f4xx_hal_dma.o
LOAD build/stm32f4xx_hal_pwr.o
LOAD build/stm32f4xx_hal_pwr_ex.o
LOAD build/stm32f4xx_hal_cortex.o
LOAD build/stm32f4xx_hal.o
LOAD build/stm32f4xx_hal_exti.o
LOAD build/system_stm32f4xx.o
LOAD build/stm32f4xx_hal_adc.o
LOAD build/stm32f4xx_hal_adc_ex.o
LOAD build/stm32f4xx_ll_adc.o
LOAD build/stm32f4xx_hal_spi.o
LOAD build/stm32f4xx_hal_uart.o
LOAD build/mui_u8g2.o
LOAD build/mui.o
LOAD build/u8g2_bitmap.o
LOAD build/u8g2_box.o
LOAD build/u8g2_buffer.o
LOAD build/u8g2_button.o
LOAD build/u8g2_circle.o
LOAD build/u8g2_cleardisplay.o
LOAD build/u8g2_d_memory.o
LOAD build/u8g2_d_setup.o
LOAD build/u8g2_font.o
LOAD build/u8g2_fonts.o
LOAD build/u8g2_hvline.o
LOAD build/u8g2_input_value.o
LOAD build/u8g2_intersection.o
LOAD build/u8g2_kerning.o
LOAD build/u8g2_line.o
LOAD build/u8g2_ll_hvline.o
LOAD build/u8g2_message.o
LOAD build/u8g2_polygon.o
LOAD build/u8g2_selection_list.o
LOAD build/u8g2_setup.o
LOAD build/u8log_u8g2.o
LOAD build/u8log_u8x8.o
LOAD build/u8log.o
LOAD build/u8x8_8x8.o
LOAD build/u8x8_byte.o
LOAD build/u8x8_cad.o
LOAD build/u8x8_capture.o
LOAD build/u8x8_d_ssd1306_128x64_noname.o
LOAD build/u8x8_debounce.o
LOAD build/u8x8_display.o
LOAD build/u8x8_fonts.o
LOAD build/u8x8_gpio.o
LOAD build/u8x8_input_value.o
LOAD build/u8x8_message.o
LOAD build/u8x8_selection_list.o
LOAD build/u8x8_setup.o
LOAD build/u8x8_string.o
LOAD build/u8x8_u8toa.o
LOAD build/u8x8_u16toa.o
LOAD build/startup_stm32f401xe.o
LOAD c:/program files (x86)/gnu arm embedded toolchain/10 2021.10/bin/../lib/gcc/arm-none-eabi/10.3.1/../../../../arm-none-eabi/lib/thumb/v7e-m+fp/hard\libc_nano.a
LOAD c:/program files (x86)/gnu arm embedded toolchain/10 2021.10/bin/../lib/gcc/arm-none-eabi/10.3.1/../../../../arm-none-eabi/lib/thumb/v7e-m+fp/hard\libm.a
LOAD c:/program files (x86)/gnu arm embedded toolchain/10 2021.10/bin/../lib/gcc/arm-none-eabi/10.3.1/../../../../arm-none-eabi/lib/thumb/v7e-m+fp/hard\libnosys.a
START GROUP
LOAD c:/program files (x86)/gnu arm embedded toolchain/10 2021.10/bin/../lib/gcc/arm-none-eabi/10.3.1/thumb/v7e-m+fp/hard\libgcc.a
LOAD c:/program files (x86)/gnu arm embedded toolchain/10 2021.10/bin/../lib/gcc/arm-none-eabi/10.3.1/../../../../arm-none-eabi/lib/thumb/v7e-m+fp/hard\libc_nano.a
END GROUP
START GROUP
LOAD c:/program files (x86)/gnu arm embedded toolchain/10 2021.10/bin/../lib/gcc/arm-none-eabi/10.3.1/thumb/v7e-m+fp/hard\libgcc.a
LOAD c:/program files (x86)/gnu arm embedded toolchain/10 2021.10/bin/../lib/gcc/arm-none-eabi/10.3.1/../../../../arm-none-eabi/lib/thumb/v7e-m+fp/hard\libc_nano.a
END GROUP
LOAD c:/program files (x86)/gnu arm embedded toolchain/10 2021.10/bin/../lib/gcc/arm-none-eabi/10.3.1/thumb/v7e-m+fp/hard/crtend.o
LOAD c:/program files (x86)/gnu arm embedded toolchain/10 2021.10/bin/../lib/gcc/arm-none-eabi/10.3.1/thumb/v7e-m+fp/hard/crtn.o
                0x20018000                _estack = (ORIGIN (RAM) + LENGTH (RAM))
                0x00000200                _Min_Heap_Size = 0x200
                0x00000400                _Min_Stack_Size = 0x400

.isr_vector     0x08000000      0x194
                0x08000000                . = ALIGN (0x4)
 *(.isr_vector)
 .isr_vector    0x08000000      0x194 build/startup_stm32f401xe.o
                0x08000000                g_pfnVectors
                0x08000194                . = ALIGN (0x4)

.text           0x08000194     0x401c
                0x08000194                . = ALIGN (0x4)
 *(.text)
 .text          0x08000194       0x40 c:/program files (x86)/gnu arm embedded toolchain/10 2021.10/bin/../lib/gcc/arm-none-eabi/10.3.1/thumb/v7e-m+fp/hard/crtbegin.o
 .text          0x080001d4       0x10 c:/program files (x86)/gnu arm embedded toolchain/10 2021.10/bin/../lib/gcc/arm-none-eabi/10.3.1/../../../../arm-none-eabi/lib/thumb/v7e-m+fp/hard\libc_nano.a(lib_a-strlen.o)
                0x080001d4                strlen
 .text          0x080001e4       0x30 c:/program files (x86)/gnu arm embedded toolchain/10 2021.10/bin/../lib/gcc/arm-none-eabi/10.3.1/thumb/v7e-m+fp/hard\libgcc.a(_aeabi_uldivmod.o)
                0x080001e4                __aeabi_uldivmod
 .text          0x08000214      0x2d0 c:/program files (x86)/gnu arm embedded toolchain/10 2021.10/bin/../lib/gcc/arm-none-eabi/10.3.1/thumb/v7e-m+fp/hard\libgcc.a(_udivmoddi4.o)
                0x08000214                __udivmoddi4
 .text          0x080004e4        0x4 c:/program files (x86)/gnu arm embedded toolchain/10 2021.10/bin/../lib/gcc/arm-none-eabi/10.3.1/thumb/v7e-m+fp/hard\libgcc.a(_dvmd_tls.o)
                0x080004e4                __aeabi_idiv0
                0x080004e4                __aeabi_ldiv0
 *(.text*)
 .text.MX_GPIO_Init
                0x080004e8       0xb0 build/main.o
 .text.MX_DMA_Init
                0x08000598       0x34 build/main.o
 .text.u8x8_stm32_gpio_and_delay
                0x080005cc       0x4c build/main.o
                0x080005cc                u8x8_stm32_gpio_and_delay
 .text.u8x8_byte_4wire_hw_spi
                0x08000618       0x6c build/main.o
                0x08000618                u8x8_byte_4wire_hw_spi
 .text.num_to_str
                0x08000684       0x84 build/main.o
                0x08000684                num_to_str
 .text.Error_Handler
                0x08000708        0x4 build/main.o
                0x08000708                Error_Handler
 .text.MX_TIM1_Init
                0x0800070c       0xec build/main.o
 .text.MX_TIM2_Init
                0x080007f8       0xa0 build/main.o
 .text.MX_ADC1_Init
                0x08000898       0x68 build/main.o
 .text.MX_SPI1_Init
                0x08000900       0x44 build/main.o
 .text.MX_USART1_UART_Init
                0x08000944       0x34 build/main.o
 .text.MX_TIM5_Init
                0x08000978       0x60 build/main.o
 .text.SystemClock_Config
                0x080009d8       0x8c build/main.o
                0x080009d8                SystemClock_Config
 .text.main     0x08000a64      0x2d0 build/main.o
                0x08000a64                main
 .text.NMI_Handler
                0x08000d34        0x2 build/stm32f4xx_it.o
                0x08000d34                NMI_Handler
 .text.HardFault_Handler
                0x08000d36        0x2 build/stm32f4xx_it.o
                0x08000d36                HardFault_Handler
 .text.MemManage_Handler
                0x08000d38        0x2 build/stm32f4xx_it.o
                0x08000d38                MemManage_Handler
 .text.BusFault_Handler
                0x08000d3a        0x2 build/stm32f4xx_it.o
                0x08000d3a                BusFault_Handler
 .text.UsageFault_Handler
                0x08000d3c        0x2 build/stm32f4xx_it.o
                0x08000d3c                UsageFault_Handler
 .text.SVC_Handler
                0x08000d3e        0x2 build/stm32f4xx_it.o
                0x08000d3e                SVC_Handler
 .text.DebugMon_Handler
                0x08000d40        0x2 build/stm32f4xx_it.o
                0x08000d40                DebugMon_Handler
 .text.PendSV_Handler
                0x08000d42        0x2 build/stm32f4xx_it.o
                0x08000d42                PendSV_Handler
 .text.SysTick_Handler
                0x08000d44        0x8 build/stm32f4xx_it.o
                0x08000d44                SysTick_Handler
 .text.DMA2_Stream0_IRQHandler
                0x08000d4c       0x10 build/stm32f4xx_it.o
                0x08000d4c                DMA2_Stream0_IRQHandler
 .text.HAL_MspInit
                0x08000d5c       0x38 build/stm32f4xx_hal_msp.o
                0x08000d5c                HAL_MspInit
 .text.HAL_ADC_MspInit
                0x08000d94       0xac build/stm32f4xx_hal_msp.o
                0x08000d94                HAL_ADC_MspInit
 .text.HAL_SPI_MspInit
                0x08000e40       0x70 build/stm32f4xx_hal_msp.o
                0x08000e40                HAL_SPI_MspInit
 .text.HAL_TIM_Base_MspInit
                0x08000eb0       0x50 build/stm32f4xx_hal_msp.o
                0x08000eb0                HAL_TIM_Base_MspInit
 .text.HAL_TIM_Encoder_MspInit
                0x08000f00       0x68 build/stm32f4xx_hal_msp.o
                0x08000f00                HAL_TIM_Encoder_MspInit
 .text.HAL_TIM_MspPostInit
                0x08000f68       0x90 build/stm32f4xx_hal_msp.o
                0x08000f68                HAL_TIM_MspPostInit
 .text.HAL_UART_MspInit
                0x08000ff8       0x70 build/stm32f4xx_hal_msp.o
                0x08000ff8                HAL_UART_MspInit
 .text.TIM_OC1_SetConfig
                0x08001068       0x5c build/stm32f4xx_hal_tim.o
 .text.TIM_OC3_SetConfig
                0x080010c4       0x64 build/stm32f4xx_hal_tim.o
 .text.TIM_OC4_SetConfig
                0x08001128       0x48 build/stm32f4xx_hal_tim.o
 .text.TIM_TI1_ConfigInputStage
                0x08001170       0x26 build/stm32f4xx_hal_tim.o
 .text.TIM_TI2_ConfigInputStage
                0x08001196       0x28 build/stm32f4xx_hal_tim.o
 .text.TIM_ITRx_SetConfig
                0x080011be       0x10 build/stm32f4xx_hal_tim.o
 .text.HAL_TIM_PWM_MspInit
                0x080011ce        0x2 build/stm32f4xx_hal_tim.o
                0x080011ce                HAL_TIM_PWM_MspInit
 .text.TIM_Base_SetConfig
                0x080011d0       0x9c build/stm32f4xx_hal_tim.o
                0x080011d0                TIM_Base_SetConfig
 .text.HAL_TIM_Base_Init
                0x0800126c       0x58 build/stm32f4xx_hal_tim.o
                0x0800126c                HAL_TIM_Base_Init
 .text.HAL_TIM_PWM_Init
                0x080012c4       0x58 build/stm32f4xx_hal_tim.o
                0x080012c4                HAL_TIM_PWM_Init
 .text.HAL_TIM_Encoder_Init
                0x0800131c       0xb6 build/stm32f4xx_hal_tim.o
                0x0800131c                HAL_TIM_Encoder_Init
 *fill*         0x080013d2        0x2 
 .text.TIM_OC2_SetConfig
                0x080013d4       0x64 build/stm32f4xx_hal_tim.o
                0x080013d4                TIM_OC2_SetConfig
 .text.HAL_TIM_PWM_ConfigChannel
                0x08001438       0xdc build/stm32f4xx_hal_tim.o
                0x08001438                HAL_TIM_PWM_ConfigChannel
 .text.TIM_ETR_SetConfig
                0x08001514       0x1a build/stm32f4xx_hal_tim.o
                0x08001514                TIM_ETR_SetConfig
 .text.HAL_TIM_ConfigClockSource
                0x0800152e       0xfe build/stm32f4xx_hal_tim.o
                0x0800152e                HAL_TIM_ConfigClockSource
 .text.TIM_CCxChannelCmd
                0x0800162c       0x1e build/stm32f4xx_hal_tim.o
                0x0800162c                TIM_CCxChannelCmd
 *fill*         0x0800164a        0x2 
 .text.HAL_TIM_PWM_Start
                0x0800164c       0xf0 build/stm32f4xx_hal_tim.o
                0x0800164c                HAL_TIM_PWM_Start
 .text.HAL_TIM_Encoder_Start
                0x0800173c       0xcc build/stm32f4xx_hal_tim.o
                0x0800173c                HAL_TIM_Encoder_Start
 .text.HAL_TIMEx_MasterConfigSynchronization
                0x08001808       0x7c build/stm32f4xx_hal_tim_ex.o
                0x08001808                HAL_TIMEx_MasterConfigSynchronization
 .text.HAL_TIMEx_ConfigBreakDeadTime
                0x08001884       0x52 build/stm32f4xx_hal_tim_ex.o
                0x08001884                HAL_TIMEx_ConfigBreakDeadTime
 *fill*         0x080018d6        0x2 
 .text.HAL_RCC_OscConfig
                0x080018d8      0x3f8 build/stm32f4xx_hal_rcc.o
                0x080018d8                HAL_RCC_OscConfig
 .text.HAL_RCC_GetSysClockFreq
                0x08001cd0       0xa4 build/stm32f4xx_hal_rcc.o
                0x08001cd0                HAL_RCC_GetSysClockFreq
 .text.HAL_RCC_ClockConfig
                0x08001d74      0x160 build/stm32f4xx_hal_rcc.o
                0x08001d74                HAL_RCC_ClockConfig
 .text.HAL_RCC_GetHCLKFreq
                0x08001ed4        0xc build/stm32f4xx_hal_rcc.o
                0x08001ed4                HAL_RCC_GetHCLKFreq
 .text.HAL_RCC_GetPCLK1Freq
                0x08001ee0       0x20 build/stm32f4xx_hal_rcc.o
                0x08001ee0                HAL_RCC_GetPCLK1Freq
 .text.HAL_RCC_GetPCLK2Freq
                0x08001f00       0x20 build/stm32f4xx_hal_rcc.o
                0x08001f00                HAL_RCC_GetPCLK2Freq
 .text.HAL_GPIO_Init
                0x08001f20      0x1c0 build/stm32f4xx_hal_gpio.o
                0x08001f20                HAL_GPIO_Init
 .text.HAL_GPIO_ReadPin
                0x080020e0        0xe build/stm32f4xx_hal_gpio.o
                0x080020e0                HAL_GPIO_ReadPin
 .text.HAL_GPIO_WritePin
                0x080020ee        0xc build/stm32f4xx_hal_gpio.o
                0x080020ee                HAL_GPIO_WritePin
 .text.HAL_GPIO_TogglePin
                0x080020fa       0x12 build/stm32f4xx_hal_gpio.o
                0x080020fa                HAL_GPIO_TogglePin
 .text.DMA_SetConfig
                0x0800210c       0x2c build/stm32f4xx_hal_dma.o
 .text.DMA_CalcBaseAndBitshift
                0x08002138       0x44 build/stm32f4xx_hal_dma.o
 .text.DMA_CheckFifoParam
                0x0800217c       0x8e build/stm32f4xx_hal_dma.o
 *fill*         0x0800220a        0x2 
 .text.HAL_DMA_Init
                0x0800220c       0xcc build/stm32f4xx_hal_dma.o
                0x0800220c                HAL_DMA_Init
 .text.HAL_DMA_Start_IT
                0x080022d8       0x6a build/stm32f4xx_hal_dma.o
                0x080022d8                HAL_DMA_Start_IT
 *fill*         0x08002342        0x2 
 .text.HAL_DMA_IRQHandler
                0x08002344      0x1dc build/stm32f4xx_hal_dma.o
                0x08002344                HAL_DMA_IRQHandler
 .text.HAL_NVIC_SetPriorityGrouping
                0x08002520       0x24 build/stm32f4xx_hal_cortex.o
                0x08002520                HAL_NVIC_SetPriorityGrouping
 .text.HAL_NVIC_SetPriority
                0x08002544       0x70 build/stm32f4xx_hal_cortex.o
                0x08002544                HAL_NVIC_SetPriority
 .text.HAL_NVIC_EnableIRQ
                0x080025b4       0x1c build/stm32f4xx_hal_cortex.o
                0x080025b4                HAL_NVIC_EnableIRQ
 .text.HAL_SYSTICK_Config
                0x080025d0       0x28 build/stm32f4xx_hal_cortex.o
                0x080025d0                HAL_SYSTICK_Config
 .text.HAL_InitTick
                0x080025f8       0x4c build/stm32f4xx_hal.o
                0x080025f8                HAL_InitTick
 .text.HAL_Init
                0x08002644       0x34 build/stm32f4xx_hal.o
                0x08002644                HAL_Init
 .text.HAL_IncTick
                0x08002678       0x18 build/stm32f4xx_hal.o
                0x08002678                HAL_IncTick
 .text.HAL_GetTick
                0x08002690        0xc build/stm32f4xx_hal.o
                0x08002690                HAL_GetTick
 .text.HAL_Delay
                0x0800269c       0x28 build/stm32f4xx_hal.o
                0x0800269c                HAL_Delay
 .text.SystemInit
                0x080026c4       0x14 build/system_stm32f4xx.o
                0x080026c4                SystemInit
 .text.ADC_Init
                0x080026d8      0x134 build/stm32f4xx_hal_adc.o
 .text.HAL_ADC_Init
                0x0800280c       0x56 build/stm32f4xx_hal_adc.o
                0x0800280c                HAL_ADC_Init
 *fill*         0x08002862        0x2 
 .text.HAL_ADC_Start_DMA
                0x08002864      0x164 build/stm32f4xx_hal_adc.o
                0x08002864                HAL_ADC_Start_DMA
 .text.HAL_ADC_ConvCpltCallback
                0x080029c8        0x2 build/stm32f4xx_hal_adc.o
                0x080029c8                HAL_ADC_ConvCpltCallback
 .text.HAL_ADC_ConvHalfCpltCallback
                0x080029ca        0x2 build/stm32f4xx_hal_adc.o
                0x080029ca                HAL_ADC_ConvHalfCpltCallback
 .text.ADC_DMAHalfConvCplt
                0x080029cc        0xa build/stm32f4xx_hal_adc.o
 .text.HAL_ADC_ErrorCallback
                0x080029d6        0x2 build/stm32f4xx_hal_adc.o
                0x080029d6                HAL_ADC_ErrorCallback
 .text.ADC_DMAError
                0x080029d8       0x16 build/stm32f4xx_hal_adc.o
 .text.ADC_DMAConvCplt
                0x080029ee       0x72 build/stm32f4xx_hal_adc.o
 .text.HAL_ADC_ConfigChannel
                0x08002a60      0x198 build/stm32f4xx_hal_adc.o
                0x08002a60                HAL_ADC_ConfigChannel
 .text.SPI_WaitFlagStateUntilTimeout
                0x08002bf8       0xd4 build/stm32f4xx_hal_spi.o
 .text.SPI_EndRxTxTransaction
                0x08002ccc       0x68 build/stm32f4xx_hal_spi.o
 .text.HAL_SPI_Init
                0x08002d34       0xbe build/stm32f4xx_hal_spi.o
                0x08002d34                HAL_SPI_Init
 .text.HAL_SPI_Transmit
                0x08002df2      0x1b8 build/stm32f4xx_hal_spi.o
                0x08002df2                HAL_SPI_Transmit
 *fill*         0x08002faa        0x2 
 .text.UART_SetConfig
                0x08002fac      0x110 build/stm32f4xx_hal_uart.o
 .text.HAL_UART_Init
                0x080030bc       0x5e build/stm32f4xx_hal_uart.o
                0x080030bc                HAL_UART_Init
 .text.u8g2_send_tile_row
                0x0800311a       0x20 build/u8g2_buffer.o
 .text.u8g2_send_buffer
                0x0800313a       0x34 build/u8g2_buffer.o
 .text.u8g2_ClearBuffer
                0x0800316e       0x1a build/u8g2_buffer.o
                0x0800316e                u8g2_ClearBuffer
 .text.u8g2_SetBufferCurrTileRow
                0x08003188       0x18 build/u8g2_buffer.o
                0x08003188                u8g2_SetBufferCurrTileRow
 .text.u8g2_FirstPage
                0x080031a0       0x1a build/u8g2_buffer.o
                0x080031a0                u8g2_FirstPage
 .text.u8g2_NextPage
                0x080031ba       0x40 build/u8g2_buffer.o
                0x080031ba                u8g2_NextPage
 *fill*         0x080031fa        0x2 
 .text.u8g2_m_16_8_2
                0x080031fc        0xc build/u8g2_d_memory.o
                0x080031fc                u8g2_m_16_8_2
 .text.u8g2_Setup_ssd1306_128x64_noname_2
                0x08003208       0x3c build/u8g2_d_setup.o
                0x08003208                u8g2_Setup_ssd1306_128x64_noname_2
 .text.u8g2_font_get_byte
                0x08003244        0x4 build/u8g2_font.o
 .text.u8g2_font_get_word
                0x08003248        0xe build/u8g2_font.o
 .text.u8g2_font_calc_vref_font
                0x08003256        0x4 build/u8g2_font.o
                0x08003256                u8g2_font_calc_vref_font
 .text.u8g2_read_font_info
                0x0800325a       0xd0 build/u8g2_font.o
                0x0800325a                u8g2_read_font_info
 .text.u8g2_font_decode_get_unsigned_bits
                0x0800332a       0x48 build/u8g2_font.o
                0x0800332a                u8g2_font_decode_get_unsigned_bits
 .text.u8g2_font_setup_decode
                0x08003372       0x40 build/u8g2_font.o
 .text.u8g2_font_decode_get_signed_bits
                0x080033b2       0x18 build/u8g2_font.o
                0x080033b2                u8g2_font_decode_get_signed_bits
 .text.u8g2_add_vector_y
                0x080033ca       0x22 build/u8g2_font.o
                0x080033ca                u8g2_add_vector_y
 .text.u8g2_add_vector_x
                0x080033ec       0x22 build/u8g2_font.o
                0x080033ec                u8g2_add_vector_x
 .text.u8g2_font_decode_len
                0x0800340e       0xca build/u8g2_font.o
                0x0800340e                u8g2_font_decode_len
 .text.u8g2_font_decode_glyph
                0x080034d8      0x14e build/u8g2_font.o
                0x080034d8                u8g2_font_decode_glyph
 .text.u8g2_font_get_glyph_data
                0x08003626       0x74 build/u8g2_font.o
                0x08003626                u8g2_font_get_glyph_data
 .text.u8g2_font_draw_glyph
                0x0800369a       0x24 build/u8g2_font.o
 .text.u8g2_DrawGlyph
                0x080036be       0x4e build/u8g2_font.o
                0x080036be                u8g2_DrawGlyph
 .text.u8g2_draw_string
                0x0800370c       0x7c build/u8g2_font.o
 .text.u8g2_DrawStr
                0x08003788       0x10 build/u8g2_font.o
                0x08003788                u8g2_DrawStr
 .text.u8g2_UpdateRefHeight
                0x08003798       0x62 build/u8g2_font.o
                0x08003798                u8g2_UpdateRefHeight
 *fill*         0x080037fa        0x2 
 .text.u8g2_SetFontPosBaseline
                0x080037fc        0xc build/u8g2_font.o
                0x080037fc                u8g2_SetFontPosBaseline
 .text.u8g2_SetFont
                0x08003808       0x1c build/u8g2_font.o
                0x08003808                u8g2_SetFont
 .text.u8g2_clip_intersection2
                0x08003824       0x4c build/u8g2_hvline.o
 .text.u8g2_draw_hv_line_2dir
                0x08003870       0x18 build/u8g2_hvline.o
                0x08003870                u8g2_draw_hv_line_2dir
 .text.u8g2_DrawHVLine
                0x08003888       0xca build/u8g2_hvline.o
                0x08003888                u8g2_DrawHVLine
 .text.u8g2_is_intersection_decision_tree
                0x08003952       0x2c build/u8g2_intersection.o
                0x08003952                u8g2_is_intersection_decision_tree
 .text.u8g2_IsIntersection
                0x0800397e       0x2c build/u8g2_intersection.o
                0x0800397e                u8g2_IsIntersection
 .text.u8g2_ll_hvline_vertical_top_lsb
                0x080039aa       0xa6 build/u8g2_ll_hvline.o
                0x080039aa                u8g2_ll_hvline_vertical_top_lsb
 .text.u8g2_update_dimension_common
                0x08003a50       0x52 build/u8g2_setup.o
 .text.u8g2_update_dimension_r0
                0x08003aa2        0x8 build/u8g2_setup.o
                0x08003aa2                u8g2_update_dimension_r0
 .text.u8g2_apply_clip_window
                0x08003aaa       0x70 build/u8g2_setup.o
 .text.u8g2_update_page_win_r0
                0x08003b1a       0x26 build/u8g2_setup.o
                0x08003b1a                u8g2_update_page_win_r0
 .text.u8g2_draw_l90_r0
                0x08003b40       0x12 build/u8g2_setup.o
                0x08003b40                u8g2_draw_l90_r0
 .text.u8g2_SetMaxClipWindow
                0x08003b52       0x20 build/u8g2_setup.o
                0x08003b52                u8g2_SetMaxClipWindow
 .text.u8g2_SetupBuffer
                0x08003b72       0x44 build/u8g2_setup.o
                0x08003b72                u8g2_SetupBuffer
 .text.u8x8_ascii_next
                0x08003bb6       0x16 build/u8x8_8x8.o
                0x08003bb6                u8x8_ascii_next
 .text.u8x8_utf8_init
                0x08003bcc        0x8 build/u8x8_8x8.o
                0x08003bcc                u8x8_utf8_init
 .text.u8x8_byte_SetDC
                0x08003bd4        0xe build/u8x8_byte.o
                0x08003bd4                u8x8_byte_SetDC
 .text.u8x8_byte_SendBytes
                0x08003be2        0xe build/u8x8_byte.o
                0x08003be2                u8x8_byte_SendBytes
 .text.u8x8_byte_SendByte
                0x08003bf0       0x18 build/u8x8_byte.o
                0x08003bf0                u8x8_byte_SendByte
 .text.u8x8_cad_SendCmd
                0x08003c08        0xe build/u8x8_cad.o
                0x08003c08                u8x8_cad_SendCmd
 .text.u8x8_cad_SendArg
                0x08003c16        0xe build/u8x8_cad.o
                0x08003c16                u8x8_cad_SendArg
 .text.u8x8_cad_SendData
                0x08003c24        0xe build/u8x8_cad.o
                0x08003c24                u8x8_cad_SendData
 .text.u8x8_cad_StartTransfer
                0x08003c32        0xe build/u8x8_cad.o
                0x08003c32                u8x8_cad_StartTransfer
 .text.u8x8_cad_EndTransfer
                0x08003c40        0xe build/u8x8_cad.o
                0x08003c40                u8x8_cad_EndTransfer
 .text.u8x8_cad_SendSequence
                0x08003c4e       0x72 build/u8x8_cad.o
                0x08003c4e                u8x8_cad_SendSequence
 .text.u8x8_cad_001
                0x08003cc0       0x5e build/u8x8_cad.o
                0x08003cc0                u8x8_cad_001
 *fill*         0x08003d1e        0x2 
 .text.u8x8_d_ssd1306_sh1106_generic
                0x08003d20       0xe4 build/u8x8_d_ssd1306_128x64_noname.o
 .text.u8x8_d_ssd1306_128x64_noname
                0x08003e04       0x40 build/u8x8_d_ssd1306_128x64_noname.o
                0x08003e04                u8x8_d_ssd1306_128x64_noname
 .text.u8x8_d_helper_display_setup_memory
                0x08003e44        0xa build/u8x8_display.o
                0x08003e44                u8x8_d_helper_display_setup_memory
 .text.u8x8_d_helper_display_init
                0x08003e4e       0x5e build/u8x8_display.o
                0x08003e4e                u8x8_d_helper_display_init
 .text.u8x8_DrawTile
                0x08003eac       0x22 build/u8x8_display.o
                0x08003eac                u8x8_DrawTile
 .text.u8x8_SetupMemory
                0x08003ece        0xe build/u8x8_display.o
                0x08003ece                u8x8_SetupMemory
 .text.u8x8_InitDisplay
                0x08003edc        0xe build/u8x8_display.o
                0x08003edc                u8x8_InitDisplay
 .text.u8x8_SetPowerSave
                0x08003eea        0xe build/u8x8_display.o
                0x08003eea                u8x8_SetPowerSave
 .text.u8x8_RefreshDisplay
                0x08003ef8        0xe build/u8x8_display.o
                0x08003ef8                u8x8_RefreshDisplay
 .text.u8x8_gpio_call
                0x08003f06        0xa build/u8x8_gpio.o
                0x08003f06                u8x8_gpio_call
 .text.u8x8_dummy_cb
                0x08003f10        0x4 build/u8x8_setup.o
                0x08003f10                u8x8_dummy_cb
 .text.u8x8_SetupDefaults
                0x08003f14       0x28 build/u8x8_setup.o
                0x08003f14                u8x8_SetupDefaults
 .text.u8x8_Setup
                0x08003f3c       0x20 build/u8x8_setup.o
                0x08003f3c                u8x8_Setup
 .text.Reset_Handler
                0x08003f5c       0x50 build/startup_stm32f401xe.o
                0x08003f5c                Reset_Handler
 .text.Default_Handler
                0x08003fac        0x2 build/startup_stm32f401xe.o
                0x08003fac                DMA2_Stream5_IRQHandler
                0x08003fac                EXTI1_IRQHandler
                0x08003fac                USART6_IRQHandler
                0x08003fac                DMA2_Stream7_IRQHandler
                0x08003fac                OTG_FS_WKUP_IRQHandler
                0x08003fac                SPI2_IRQHandler
                0x08003fac                EXTI9_5_IRQHandler
                0x08003fac                SPI1_IRQHandler
                0x08003fac                PVD_IRQHandler
                0x08003fac                TIM5_IRQHandler
                0x08003fac                ADC_IRQHandler
                0x08003fac                DMA1_Stream6_IRQHandler
                0x08003fac                DMA1_Stream1_IRQHandler
                0x08003fac                WWDG_IRQHandler
                0x08003fac                I2C3_EV_IRQHandler
                0x08003fac                SPI4_IRQHandler
                0x08003fac                DMA1_Stream2_IRQHandler
                0x08003fac                RCC_IRQHandler
                0x08003fac                I2C1_ER_IRQHandler
                0x08003fac                DMA2_Stream3_IRQHandler
                0x08003fac                TIM1_UP_TIM10_IRQHandler
                0x08003fac                DMA2_Stream4_IRQHandler
                0x08003fac                I2C2_EV_IRQHandler
                0x08003fac                TIM3_IRQHandler
                0x08003fac                USART2_IRQHandler
                0x08003fac                DMA1_Stream0_IRQHandler
                0x08003fac                DMA1_Stream7_IRQHandler
                0x08003fac                DMA1_Stream4_IRQHandler
                0x08003fac                FLASH_IRQHandler
                0x08003fac                SDIO_IRQHandler
                0x08003fac                EXTI15_10_IRQHandler
                0x08003fac                USART1_IRQHandler
                0x08003fac                RTC_WKUP_IRQHandler
                0x08003fac                TIM2_IRQHandler
                0x08003fac                TAMP_STAMP_IRQHandler
                0x08003fac                DMA2_Stream6_IRQHandler
                0x08003fac                Default_Handler
                0x08003fac                EXTI2_IRQHandler
                0x08003fac                OTG_FS_IRQHandler
                0x08003fac                DMA1_Stream5_IRQHandler
                0x08003fac                TIM4_IRQHandler
                0x08003fac                TIM1_TRG_COM_TIM11_IRQHandler
                0x08003fac                I2C3_ER_IRQHandler
                0x08003fac                TIM1_BRK_TIM9_IRQHandler
                0x08003fac                EXTI3_IRQHandler
                0x08003fac                I2C2_ER_IRQHandler
                0x08003fac                DMA2_Stream2_IRQHandler
                0x08003fac                DMA2_Stream1_IRQHandler
                0x08003fac                FPU_IRQHandler
                0x08003fac                I2C1_EV_IRQHandler
                0x08003fac                TIM1_CC_IRQHandler
                0x08003fac                SPI3_IRQHandler
                0x08003fac                DMA1_Stream3_IRQHandler
                0x08003fac                EXTI0_IRQHandler
                0x08003fac                RTC_Alarm_IRQHandler
                0x08003fac                EXTI4_IRQHandler
 *fill*         0x08003fae        0x2 
 .text.__libc_init_array
                0x08003fb0       0x48 c:/program files (x86)/gnu arm embedded toolchain/10 2021.10/bin/../lib/gcc/arm-none-eabi/10.3.1/../../../../arm-none-eabi/lib/thumb/v7e-m+fp/hard\libc_nano.a(lib_a-init.o)
                0x08003fb0                __libc_init_array
 .text.malloc   0x08003ff8       0x10 c:/program files (x86)/gnu arm embedded toolchain/10 2021.10/bin/../lib/gcc/arm-none-eabi/10.3.1/../../../../arm-none-eabi/lib/thumb/v7e-m+fp/hard\libc_nano.a(lib_a-malloc.o)
                0x08003ff8                malloc
 .text.memset   0x08004008       0x10 c:/program files (x86)/gnu arm embedded toolchain/10 2021.10/bin/../lib/gcc/arm-none-eabi/10.3.1/../../../../arm-none-eabi/lib/thumb/v7e-m+fp/hard\libc_nano.a(lib_a-memset.o)
                0x08004008                memset
 .text.sbrk_aligned
                0x08004018       0x40 c:/program files (x86)/gnu arm embedded toolchain/10 2021.10/bin/../lib/gcc/arm-none-eabi/10.3.1/../../../../arm-none-eabi/lib/thumb/v7e-m+fp/hard\libc_nano.a(lib_a-nano-mallocr.o)
 .text._malloc_r
                0x08004058       0xe8 c:/program files (x86)/gnu arm embedded toolchain/10 2021.10/bin/../lib/gcc/arm-none-eabi/10.3.1/../../../../arm-none-eabi/lib/thumb/v7e-m+fp/hard\libc_nano.a(lib_a-nano-mallocr.o)
                0x08004058                _malloc_r
 .text._sbrk_r  0x08004140       0x20 c:/program files (x86)/gnu arm embedded toolchain/10 2021.10/bin/../lib/gcc/arm-none-eabi/10.3.1/../../../../arm-none-eabi/lib/thumb/v7e-m+fp/hard\libc_nano.a(lib_a-sbrkr.o)
                0x08004140                _sbrk_r
 .text.__malloc_lock
                0x08004160        0xc c:/program files (x86)/gnu arm embedded toolchain/10 2021.10/bin/../lib/gcc/arm-none-eabi/10.3.1/../../../../arm-none-eabi/lib/thumb/v7e-m+fp/hard\libc_nano.a(lib_a-mlock.o)
                0x08004160                __malloc_lock
 .text.__malloc_unlock
                0x0800416c        0xc c:/program files (x86)/gnu arm embedded toolchain/10 2021.10/bin/../lib/gcc/arm-none-eabi/10.3.1/../../../../arm-none-eabi/lib/thumb/v7e-m+fp/hard\libc_nano.a(lib_a-mlock.o)
                0x0800416c                __malloc_unlock
 .text.__retarget_lock_acquire_recursive
                0x08004178        0x2 c:/program files (x86)/gnu arm embedded toolchain/10 2021.10/bin/../lib/gcc/arm-none-eabi/10.3.1/../../../../arm-none-eabi/lib/thumb/v7e-m+fp/hard\libc_nano.a(lib_a-lock.o)
                0x08004178                __retarget_lock_acquire_recursive
 .text.__retarget_lock_release_recursive
                0x0800417a        0x2 c:/program files (x86)/gnu arm embedded toolchain/10 2021.10/bin/../lib/gcc/arm-none-eabi/10.3.1/../../../../arm-none-eabi/lib/thumb/v7e-m+fp/hard\libc_nano.a(lib_a-lock.o)
                0x0800417a                __retarget_lock_release_recursive
 .text._sbrk    0x0800417c       0x1c c:/program files (x86)/gnu arm embedded toolchain/10 2021.10/bin/../lib/gcc/arm-none-eabi/10.3.1/../../../../arm-none-eabi/lib/thumb/v7e-m+fp/hard\libnosys.a(sbrk.o)
                0x0800417c                _sbrk
 *(.glue_7)
 .glue_7        0x08004198        0x0 linker stubs
 *(.glue_7t)
 .glue_7t       0x08004198        0x0 linker stubs
 *(.eh_frame)
 .eh_frame      0x08004198        0x0 c:/program files (x86)/gnu arm embedded toolchain/10 2021.10/bin/../lib/gcc/arm-none-eabi/10.3.1/thumb/v7e-m+fp/hard/crtbegin.o
 *(.init)
 .init          0x08004198        0x4 c:/program files (x86)/gnu arm embedded toolchain/10 2021.10/bin/../lib/gcc/arm-none-eabi/10.3.1/thumb/v7e-m+fp/hard/crti.o
                0x08004198                _init
 .init          0x0800419c        0x8 c:/program files (x86)/gnu arm embedded toolchain/10 2021.10/bin/../lib/gcc/arm-none-eabi/10.3.1/thumb/v7e-m+fp/hard/crtn.o
 *(.fini)
 .fini          0x080041a4        0x4 c:/program files (x86)/gnu arm embedded toolchain/10 2021.10/bin/../lib/gcc/arm-none-eabi/10.3.1/thumb/v7e-m+fp/hard/crti.o
                0x080041a4                _fini
 .fini          0x080041a8        0x8 c:/program files (x86)/gnu arm embedded toolchain/10 2021.10/bin/../lib/gcc/arm-none-eabi/10.3.1/thumb/v7e-m+fp/hard/crtn.o
                0x080041b0                . = ALIGN (0x4)
                0x080041b0                _etext = .

.vfp11_veneer   0x080041b0        0x0
 .vfp11_veneer  0x080041b0        0x0 linker stubs

.v4_bx          0x080041b0        0x0
 .v4_bx         0x080041b0        0x0 linker stubs

.iplt           0x080041b0        0x0
 .iplt          0x080041b0        0x0 c:/program files (x86)/gnu arm embedded toolchain/10 2021.10/bin/../lib/gcc/arm-none-eabi/10.3.1/thumb/v7e-m+fp/hard/crtbegin.o

.rodata         0x080041b0      0x8c4
                0x080041b0                . = ALIGN (0x4)
 *(.rodata)
 *(.rodata*)
 .rodata.flagBitshiftOffset.0
                0x080041b0        0x8 build/stm32f4xx_hal_dma.o
 .rodata.AHBPrescTable
                0x080041b8       0x10 build/system_stm32f4xx.o
                0x080041b8                AHBPrescTable
 .rodata.APBPrescTable
                0x080041c8        0x8 build/system_stm32f4xx.o
                0x080041c8                APBPrescTable
 .rodata.u8g2_font_ncenB14_tr
                0x080041d0      0x828 build/u8g2_fonts.o
                0x080041d0                u8g2_font_ncenB14_tr
 .rodata.u8g2_cb_r0
                0x080049f8        0xc build/u8g2_setup.o
                0x080049f8                u8g2_cb_r0
 .rodata.u8x8_d_ssd1306_128x64_noname_flip0_seq
                0x08004a04        0x7 build/u8x8_d_ssd1306_128x64_noname.o
 *fill*         0x08004a0b        0x1 
 .rodata.u8x8_d_ssd1306_128x64_noname_flip1_seq
                0x08004a0c        0x7 build/u8x8_d_ssd1306_128x64_noname.o
 *fill*         0x08004a13        0x1 
 .rodata.u8x8_d_ssd1306_128x64_noname_init_seq
                0x08004a14       0x35 build/u8x8_d_ssd1306_128x64_noname.o
 *fill*         0x08004a49        0x3 
 .rodata.u8x8_d_ssd1306_128x64_noname_powersave0_seq
                0x08004a4c        0x5 build/u8x8_d_ssd1306_128x64_noname.o
 *fill*         0x08004a51        0x3 
 .rodata.u8x8_d_ssd1306_128x64_noname_powersave1_seq
                0x08004a54        0x5 build/u8x8_d_ssd1306_128x64_noname.o
 *fill*         0x08004a59        0x3 
 .rodata.u8x8_ssd1306_128x64_noname_display_info
                0x08004a5c       0x18 build/u8x8_d_ssd1306_128x64_noname.o
                0x08004a74                . = ALIGN (0x4)

.ARM.extab
 *(.ARM.extab* .gnu.linkonce.armextab.*)

.ARM            0x08004a74        0x8
                0x08004a74                __exidx_start = .
 *(.ARM.exidx*)
 .ARM.exidx     0x08004a74        0x8 c:/program files (x86)/gnu arm embedded toolchain/10 2021.10/bin/../lib/gcc/arm-none-eabi/10.3.1/thumb/v7e-m+fp/hard\libgcc.a(_udivmoddi4.o)
                0x08004a7c                __exidx_end = .

.rel.dyn        0x08004a7c        0x0
 .rel.iplt      0x08004a7c        0x0 c:/program files (x86)/gnu arm embedded toolchain/10 2021.10/bin/../lib/gcc/arm-none-eabi/10.3.1/thumb/v7e-m+fp/hard/crtbegin.o

.preinit_array  0x08004a7c        0x0
                0x08004a7c                PROVIDE (__preinit_array_start = .)
 *(.preinit_array*)
                0x08004a7c                PROVIDE (__preinit_array_end = .)

.init_array     0x08004a7c        0x4
                0x08004a7c                PROVIDE (__init_array_start = .)
 *(SORT_BY_NAME(.init_array.*))
 *(.init_array*)
 .init_array    0x08004a7c        0x4 c:/program files (x86)/gnu arm embedded toolchain/10 2021.10/bin/../lib/gcc/arm-none-eabi/10.3.1/thumb/v7e-m+fp/hard/crtbegin.o
                0x08004a80                PROVIDE (__init_array_end = .)

.fini_array     0x08004a80        0x4
                [!provide]                PROVIDE (__fini_array_start = .)
 *(SORT_BY_NAME(.fini_array.*))
 *(.fini_array*)
 .fini_array    0x08004a80        0x4 c:/program files (x86)/gnu arm embedded toolchain/10 2021.10/bin/../lib/gcc/arm-none-eabi/10.3.1/thumb/v7e-m+fp/hard/crtbegin.o
                [!provide]                PROVIDE (__fini_array_end = .)
                0x08004a84                _sidata = LOADADDR (.data)

.data           0x20000000       0x70 load address 0x08004a84
                0x20000000                . = ALIGN (0x4)
                0x20000000                _sdata = .
 *(.data)
 *(.data*)
 .data.uwTickFreq
                0x20000000        0x1 build/stm32f4xx_hal.o
                0x20000000                uwTickFreq
 *fill*         0x20000001        0x3 
 .data.uwTickPrio
                0x20000004        0x4 build/stm32f4xx_hal.o
                0x20000004                uwTickPrio
 .data.SystemCoreClock
                0x20000008        0x4 build/system_stm32f4xx.o
                0x20000008                SystemCoreClock
 .data._impure_ptr
                0x2000000c        0x4 c:/program files (x86)/gnu arm embedded toolchain/10 2021.10/bin/../lib/gcc/arm-none-eabi/10.3.1/../../../../arm-none-eabi/lib/thumb/v7e-m+fp/hard\libc_nano.a(lib_a-impure.o)
                0x2000000c                _impure_ptr
 .data.impure_data
                0x20000010       0x60 c:/program files (x86)/gnu arm embedded toolchain/10 2021.10/bin/../lib/gcc/arm-none-eabi/10.3.1/../../../../arm-none-eabi/lib/thumb/v7e-m+fp/hard\libc_nano.a(lib_a-impure.o)
                0x20000070                . = ALIGN (0x4)
                0x20000070                _edata = .

.igot.plt       0x20000070        0x0 load address 0x08004af4
 .igot.plt      0x20000070        0x0 c:/program files (x86)/gnu arm embedded toolchain/10 2021.10/bin/../lib/gcc/arm-none-eabi/10.3.1/thumb/v7e-m+fp/hard/crtbegin.o
                0x20000070                . = ALIGN (0x4)

.bss            0x20000070      0xbe4 load address 0x08004af4
                0x20000070                _sbss = .
                0x20000070                __bss_start__ = _sbss
 *(.bss)
 .bss           0x20000070       0x1c c:/program files (x86)/gnu arm embedded toolchain/10 2021.10/bin/../lib/gcc/arm-none-eabi/10.3.1/thumb/v7e-m+fp/hard/crtbegin.o
 *(.bss*)
 .bss.adcarray  0x2000008c      0x800 build/main.o
                0x2000008c                adcarray
 .bss.hadc1     0x2000088c       0x48 build/main.o
                0x2000088c                hadc1
 .bss.hdma_adc1
                0x200008d4       0x60 build/main.o
                0x200008d4                hdma_adc1
 .bss.hspi1     0x20000934       0x58 build/main.o
                0x20000934                hspi1
 .bss.htim1     0x2000098c       0x48 build/main.o
                0x2000098c                htim1
 .bss.htim2     0x200009d4       0x48 build/main.o
                0x200009d4                htim2
 .bss.htim5     0x20000a1c       0x48 build/main.o
                0x20000a1c                htim5
 .bss.huart1    0x20000a64       0x44 build/main.o
                0x20000a64                huart1
 .bss.u8g2      0x20000aa8       0x94 build/main.o
                0x20000aa8                u8g2
 .bss.uwTick    0x20000b3c        0x4 build/stm32f4xx_hal.o
                0x20000b3c                uwTick
 .bss.buf.172   0x20000b40      0x100 build/u8g2_d_memory.o
 .bss.__malloc_free_list
                0x20000c40        0x4 c:/program files (x86)/gnu arm embedded toolchain/10 2021.10/bin/../lib/gcc/arm-none-eabi/10.3.1/../../../../arm-none-eabi/lib/thumb/v7e-m+fp/hard\libc_nano.a(lib_a-nano-mallocr.o)
                0x20000c40                __malloc_free_list
 .bss.__malloc_sbrk_start
                0x20000c44        0x4 c:/program files (x86)/gnu arm embedded toolchain/10 2021.10/bin/../lib/gcc/arm-none-eabi/10.3.1/../../../../arm-none-eabi/lib/thumb/v7e-m+fp/hard\libc_nano.a(lib_a-nano-mallocr.o)
                0x20000c44                __malloc_sbrk_start
 .bss.errno     0x20000c48        0x4 c:/program files (x86)/gnu arm embedded toolchain/10 2021.10/bin/../lib/gcc/arm-none-eabi/10.3.1/../../../../arm-none-eabi/lib/thumb/v7e-m+fp/hard\libc_nano.a(lib_a-reent.o)
                0x20000c48                errno
 .bss.__lock___malloc_recursive_mutex
                0x20000c4c        0x1 c:/program files (x86)/gnu arm embedded toolchain/10 2021.10/bin/../lib/gcc/arm-none-eabi/10.3.1/../../../../arm-none-eabi/lib/thumb/v7e-m+fp/hard\libc_nano.a(lib_a-lock.o)
                0x20000c4c                __lock___malloc_recursive_mutex
 *fill*         0x20000c4d        0x3 
 .bss.heap_end.0
                0x20000c50        0x4 c:/program files (x86)/gnu arm embedded toolchain/10 2021.10/bin/../lib/gcc/arm-none-eabi/10.3.1/../../../../arm-none-eabi/lib/thumb/v7e-m+fp/hard\libnosys.a(sbrk.o)
 *(COMMON)
                0x20000c54                . = ALIGN (0x4)
                0x20000c54                _ebss = .
                0x20000c54                __bss_end__ = _ebss

._user_heap_stack
                0x20000c54      0x604 load address 0x08004af4
                0x20000c58                . = ALIGN (0x8)
 *fill*         0x20000c54        0x4 
                0x20000c58                PROVIDE (end = .)
                [!provide]                PROVIDE (_end = .)
                0x20000e58                . = (. + _Min_Heap_Size)
 *fill*         0x20000c58      0x200 
                0x20001258                . = (. + _Min_Stack_Size)
 *fill*         0x20000e58      0x400 
                0x20001258                . = ALIGN (0x8)

/DISCARD/
 libc.a(*)
 libm.a(*)
 libgcc.a(*)

.ARM.attributes
                0x00000000       0x30
 *(.ARM.attributes)
 .ARM.attributes
                0x00000000       0x1e c:/program files (x86)/gnu arm embedded toolchain/10 2021.10/bin/../lib/gcc/arm-none-eabi/10.3.1/thumb/v7e-m+fp/hard/crti.o
 .ARM.attributes
                0x0000001e       0x34 c:/program files (x86)/gnu arm embedded toolchain/10 2021.10/bin/../lib/gcc/arm-none-eabi/10.3.1/thumb/v7e-m+fp/hard/crtbegin.o
 .ARM.attributes
                0x00000052       0x34 build/main.o
 .ARM.attributes
                0x00000086       0x34 build/stm32f4xx_it.o
 .ARM.attributes
                0x000000ba       0x34 build/stm32f4xx_hal_msp.o
 .ARM.attributes
                0x000000ee       0x34 build/stm32f4xx_hal_tim.o
 .ARM.attributes
                0x00000122       0x34 build/stm32f4xx_hal_tim_ex.o
 .ARM.attributes
                0x00000156       0x34 build/stm32f4xx_hal_rcc.o
 .ARM.attributes
                0x0000018a       0x34 build/stm32f4xx_hal_gpio.o
 .ARM.attributes
                0x000001be       0x34 build/stm32f4xx_hal_dma.o
 .ARM.attributes
                0x000001f2       0x34 build/stm32f4xx_hal_cortex.o
 .ARM.attributes
                0x00000226       0x34 build/stm32f4xx_hal.o
 .ARM.attributes
                0x0000025a       0x34 build/system_stm32f4xx.o
 .ARM.attributes
                0x0000028e       0x34 build/stm32f4xx_hal_adc.o
 .ARM.attributes
                0x000002c2       0x34 build/stm32f4xx_hal_spi.o
 .ARM.attributes
                0x000002f6       0x34 build/stm32f4xx_hal_uart.o
 .ARM.attributes
                0x0000032a       0x34 build/u8g2_buffer.o
 .ARM.attributes
                0x0000035e       0x34 build/u8g2_d_memory.o
 .ARM.attributes
                0x00000392       0x34 build/u8g2_d_setup.o
 .ARM.attributes
                0x000003c6       0x34 build/u8g2_font.o
 .ARM.attributes
                0x000003fa       0x34 build/u8g2_fonts.o
 .ARM.attributes
                0x0000042e       0x34 build/u8g2_hvline.o
 .ARM.attributes
                0x00000462       0x34 build/u8g2_intersection.o
 .ARM.attributes
                0x00000496       0x34 build/u8g2_ll_hvline.o
 .ARM.attributes
                0x000004ca       0x34 build/u8g2_setup.o
 .ARM.attributes
                0x000004fe       0x34 build/u8x8_8x8.o
 .ARM.attributes
                0x00000532       0x34 build/u8x8_byte.o
 .ARM.attributes
                0x00000566       0x34 build/u8x8_cad.o
 .ARM.attributes
                0x0000059a       0x34 build/u8x8_d_ssd1306_128x64_noname.o
 .ARM.attributes
                0x000005ce       0x34 build/u8x8_display.o
 .ARM.attributes
                0x00000602       0x34 build/u8x8_gpio.o
 .ARM.attributes
                0x00000636       0x34 build/u8x8_setup.o
 .ARM.attributes
                0x0000066a       0x21 build/startup_stm32f401xe.o
 .ARM.attributes
                0x0000068b       0x34 c:/program files (x86)/gnu arm embedded toolchain/10 2021.10/bin/../lib/gcc/arm-none-eabi/10.3.1/../../../../arm-none-eabi/lib/thumb/v7e-m+fp/hard\libc_nano.a(lib_a-impure.o)
 .ARM.attributes
                0x000006bf       0x34 c:/program files (x86)/gnu arm embedded toolchain/10 2021.10/bin/../lib/gcc/arm-none-eabi/10.3.1/../../../../arm-none-eabi/lib/thumb/v7e-m+fp/hard\libc_nano.a(lib_a-init.o)
 .ARM.attributes
                0x000006f3       0x34 c:/program files (x86)/gnu arm embedded toolchain/10 2021.10/bin/../lib/gcc/arm-none-eabi/10.3.1/../../../../arm-none-eabi/lib/thumb/v7e-m+fp/hard\libc_nano.a(lib_a-malloc.o)
 .ARM.attributes
                0x00000727       0x34 c:/program files (x86)/gnu arm embedded toolchain/10 2021.10/bin/../lib/gcc/arm-none-eabi/10.3.1/../../../../arm-none-eabi/lib/thumb/v7e-m+fp/hard\libc_nano.a(lib_a-memset.o)
 .ARM.attributes
                0x0000075b       0x34 c:/program files (x86)/gnu arm embedded toolchain/10 2021.10/bin/../lib/gcc/arm-none-eabi/10.3.1/../../../../arm-none-eabi/lib/thumb/v7e-m+fp/hard\libc_nano.a(lib_a-nano-mallocr.o)
 .ARM.attributes
                0x0000078f       0x34 c:/program files (x86)/gnu arm embedded toolchain/10 2021.10/bin/../lib/gcc/arm-none-eabi/10.3.1/../../../../arm-none-eabi/lib/thumb/v7e-m+fp/hard\libc_nano.a(lib_a-sbrkr.o)
 .ARM.attributes
                0x000007c3       0x17 c:/program files (x86)/gnu arm embedded toolchain/10 2021.10/bin/../lib/gcc/arm-none-eabi/10.3.1/../../../../arm-none-eabi/lib/thumb/v7e-m+fp/hard\libc_nano.a(lib_a-strlen.o)
 .ARM.attributes
                0x000007da       0x34 c:/program files (x86)/gnu arm embedded toolchain/10 2021.10/bin/../lib/gcc/arm-none-eabi/10.3.1/../../../../arm-none-eabi/lib/thumb/v7e-m+fp/hard\libc_nano.a(lib_a-mlock.o)
 .ARM.attributes
                0x0000080e       0x34 c:/program files (x86)/gnu arm embedded toolchain/10 2021.10/bin/../lib/gcc/arm-none-eabi/10.3.1/../../../../arm-none-eabi/lib/thumb/v7e-m+fp/hard\libc_nano.a(lib_a-reent.o)
 .ARM.attributes
                0x00000842       0x34 c:/program files (x86)/gnu arm embedded toolchain/10 2021.10/bin/../lib/gcc/arm-none-eabi/10.3.1/../../../../arm-none-eabi/lib/thumb/v7e-m+fp/hard\libc_nano.a(lib_a-lock.o)
 .ARM.attributes
                0x00000876       0x34 c:/program files (x86)/gnu arm embedded toolchain/10 2021.10/bin/../lib/gcc/arm-none-eabi/10.3.1/../../../../arm-none-eabi/lib/thumb/v7e-m+fp/hard\libnosys.a(sbrk.o)
 .ARM.attributes
                0x000008aa       0x1e c:/program files (x86)/gnu arm embedded toolchain/10 2021.10/bin/../lib/gcc/arm-none-eabi/10.3.1/thumb/v7e-m+fp/hard\libgcc.a(_aeabi_uldivmod.o)
 .ARM.attributes
                0x000008c8       0x34 c:/program files (x86)/gnu arm embedded toolchain/10 2021.10/bin/../lib/gcc/arm-none-eabi/10.3.1/thumb/v7e-m+fp/hard\libgcc.a(_udivmoddi4.o)
 .ARM.attributes
                0x000008fc       0x1e c:/program files (x86)/gnu arm embedded toolchain/10 2021.10/bin/../lib/gcc/arm-none-eabi/10.3.1/thumb/v7e-m+fp/hard\libgcc.a(_dvmd_tls.o)
 .ARM.attributes
                0x0000091a       0x1e c:/program files (x86)/gnu arm embedded toolchain/10 2021.10/bin/../lib/gcc/arm-none-eabi/10.3.1/thumb/v7e-m+fp/hard/crtn.o
OUTPUT(build/embedded.elf elf32-littlearm)
LOAD linker stubs
LOAD c:/program files (x86)/gnu arm embedded toolchain/10 2021.10/bin/../lib/gcc/arm-none-eabi/10.3.1/../../../../arm-none-eabi/lib/thumb/v7e-m+fp/hard\libc.a
LOAD c:/program files (x86)/gnu arm embedded toolchain/10 2021.10/bin/../lib/gcc/arm-none-eabi/10.3.1/../../../../arm-none-eabi/lib/thumb/v7e-m+fp/hard\libm.a
LOAD c:/program files (x86)/gnu arm embedded toolchain/10 2021.10/bin/../lib/gcc/arm-none-eabi/10.3.1/thumb/v7e-m+fp/hard\libgcc.a

.debug_info     0x00000000    0x72ae6
 .debug_info    0x00000000     0x3347 build/main.o
 .debug_info    0x00003347      0x469 build/stm32f4xx_it.o
 .debug_info    0x000037b0     0x181d build/stm32f4xx_hal_msp.o
 .debug_info    0x00004fcd     0x4059 build/stm32f4xx_hal_tim.o
 .debug_info    0x00009026     0x1c62 build/stm32f4xx_hal_tim_ex.o
 .debug_info    0x0000ac88      0xc12 build/stm32f4xx_hal_rcc.o
 .debug_info    0x0000b89a      0x872 build/stm32f4xx_hal_gpio.o
 .debug_info    0x0000c10c      0xbc9 build/stm32f4xx_hal_dma.o
 .debug_info    0x0000ccd5     0x10de build/stm32f4xx_hal_cortex.o
 .debug_info    0x0000ddb3      0xa5f build/stm32f4xx_hal.o
 .debug_info    0x0000e812      0x5e5 build/system_stm32f4xx.o
 .debug_info    0x0000edf7     0x1002 build/stm32f4xx_hal_adc.o
 .debug_info    0x0000fdf9     0x200d build/stm32f4xx_hal_spi.o
 .debug_info    0x00011e06     0x43df build/stm32f4xx_hal_uart.o
 .debug_info    0x000161e5      0xfa7 build/u8g2_buffer.o
 .debug_info    0x0001718c     0x36e9 build/u8g2_d_memory.o
 .debug_info    0x0001a875    0x3270f build/u8g2_d_setup.o
 .debug_info    0x0004cf84     0x2c36 build/u8g2_font.o
 .debug_info    0x0004fbba    0x18ed1 build/u8g2_fonts.o
 .debug_info    0x00068a8b      0xcab build/u8g2_hvline.o
 .debug_info    0x00069736      0xa25 build/u8g2_intersection.o
 .debug_info    0x0006a15b      0xae8 build/u8g2_ll_hvline.o
 .debug_info    0x0006ac43     0x1436 build/u8g2_setup.o
 .debug_info    0x0006c079     0x12d5 build/u8x8_8x8.o
 .debug_info    0x0006d34e     0x1972 build/u8x8_byte.o
 .debug_info    0x0006ecc0     0x1bcc build/u8x8_cad.o
 .debug_info    0x0007088c      0xdfa build/u8x8_d_ssd1306_128x64_noname.o
 .debug_info    0x00071686      0xa5b build/u8x8_display.o
 .debug_info    0x000720e1      0x42c build/u8x8_gpio.o
 .debug_info    0x0007250d      0x5b7 build/u8x8_setup.o
 .debug_info    0x00072ac4       0x22 build/startup_stm32f401xe.o

.debug_abbrev   0x00000000     0x4197
 .debug_abbrev  0x00000000      0x3d6 build/main.o
 .debug_abbrev  0x000003d6      0x13c build/stm32f4xx_it.o
 .debug_abbrev  0x00000512      0x26a build/stm32f4xx_hal_msp.o
 .debug_abbrev  0x0000077c      0x293 build/stm32f4xx_hal_tim.o
 .debug_abbrev  0x00000a0f      0x2a9 build/stm32f4xx_hal_tim_ex.o
 .debug_abbrev  0x00000cb8      0x2aa build/stm32f4xx_hal_rcc.o
 .debug_abbrev  0x00000f62      0x22b build/stm32f4xx_hal_gpio.o
 .debug_abbrev  0x0000118d      0x2bf build/stm32f4xx_hal_dma.o
 .debug_abbrev  0x0000144c      0x382 build/stm32f4xx_hal_cortex.o
 .debug_abbrev  0x000017ce      0x23a build/stm32f4xx_hal.o
 .debug_abbrev  0x00001a08      0x11b build/system_stm32f4xx.o
 .debug_abbrev  0x00001b23      0x252 build/stm32f4xx_hal_adc.o
 .debug_abbrev  0x00001d75      0x2a6 build/stm32f4xx_hal_spi.o
 .debug_abbrev  0x0000201b      0x367 build/stm32f4xx_hal_uart.o
 .debug_abbrev  0x00002382      0x1de build/u8g2_buffer.o
 .debug_abbrev  0x00002560      0x101 build/u8g2_d_memory.o
 .debug_abbrev  0x00002661      0x1b3 build/u8g2_d_setup.o
 .debug_abbrev  0x00002814      0x33c build/u8g2_font.o
 .debug_abbrev  0x00002b50       0xab build/u8g2_fonts.o
 .debug_abbrev  0x00002bfb      0x1c1 build/u8g2_hvline.o
 .debug_abbrev  0x00002dbc      0x168 build/u8g2_intersection.o
 .debug_abbrev  0x00002f24      0x165 build/u8g2_ll_hvline.o
 .debug_abbrev  0x00003089      0x2a5 build/u8g2_setup.o
 .debug_abbrev  0x0000332e      0x2f8 build/u8x8_8x8.o
 .debug_abbrev  0x00003626      0x268 build/u8x8_byte.o
 .debug_abbrev  0x0000388e      0x28b build/u8x8_cad.o
 .debug_abbrev  0x00003b19      0x1ce build/u8x8_d_ssd1306_128x64_noname.o
 .debug_abbrev  0x00003ce7      0x1e2 build/u8x8_display.o
 .debug_abbrev  0x00003ec9      0x102 build/u8x8_gpio.o
 .debug_abbrev  0x00003fcb      0x1ba build/u8x8_setup.o
 .debug_abbrev  0x00004185       0x12 build/startup_stm32f401xe.o

.debug_loc      0x00000000    0x5e7a5
 .debug_loc     0x00000000      0xc63 build/main.o
 .debug_loc     0x00000c63       0x40 build/stm32f4xx_it.o
 .debug_loc     0x00000ca3      0x494 build/stm32f4xx_hal_msp.o
 .debug_loc     0x00001137     0x5c80 build/stm32f4xx_hal_tim.o
 .debug_loc     0x00006db7     0x2137 build/stm32f4xx_hal_tim_ex.o
 .debug_loc     0x00008eee      0x6e4 build/stm32f4xx_hal_rcc.o
 .debug_loc     0x000095d2      0x5e8 build/stm32f4xx_hal_gpio.o
 .debug_loc     0x00009bba      0xd6d build/stm32f4xx_hal_dma.o
 .debug_loc     0x0000a927      0x7a4 build/stm32f4xx_hal_cortex.o
 .debug_loc     0x0000b0cb      0x1e1 build/stm32f4xx_hal.o
 .debug_loc     0x0000b2ac      0x158 build/system_stm32f4xx.o
 .debug_loc     0x0000b404      0xdb9 build/stm32f4xx_hal_adc.o
 .debug_loc     0x0000c1bd     0x2501 build/stm32f4xx_hal_spi.o
 .debug_loc     0x0000e6be     0x4fef build/stm32f4xx_hal_uart.o
 .debug_loc     0x000136ad      0x804 build/u8g2_buffer.o
 .debug_loc     0x00013eb1     0x1995 build/u8g2_d_memory.o
 .debug_loc     0x00015846    0x3edff build/u8g2_d_setup.o
 .debug_loc     0x00054645     0x2715 build/u8g2_font.o
 .debug_loc     0x00056d5a      0x657 build/u8g2_hvline.o
 .debug_loc     0x000573b1      0x167 build/u8g2_intersection.o
 .debug_loc     0x00057518      0x45a build/u8g2_ll_hvline.o
 .debug_loc     0x00057972     0x1060 build/u8g2_setup.o
 .debug_loc     0x000589d2     0x14f6 build/u8x8_8x8.o
 .debug_loc     0x00059ec8     0x15d5 build/u8x8_byte.o
 .debug_loc     0x0005b49d     0x211f build/u8x8_cad.o
 .debug_loc     0x0005d5bc      0x973 build/u8x8_d_ssd1306_128x64_noname.o
 .debug_loc     0x0005df2f      0x57e build/u8x8_display.o
 .debug_loc     0x0005e4ad       0x8f build/u8x8_gpio.o
 .debug_loc     0x0005e53c      0x269 build/u8x8_setup.o

.debug_aranges  0x00000000     0x3798
 .debug_aranges
                0x00000000       0x90 build/main.o
 .debug_aranges
                0x00000090       0x68 build/stm32f4xx_it.o
 .debug_aranges
                0x000000f8       0x78 build/stm32f4xx_hal_msp.o
 .debug_aranges
                0x00000170      0x3d0 build/stm32f4xx_hal_tim.o
 .debug_aranges
                0x00000540      0x168 build/stm32f4xx_hal_tim_ex.o
 .debug_aranges
                0x000006a8       0x88 build/stm32f4xx_hal_rcc.o
 .debug_aranges
                0x00000730       0x58 build/stm32f4xx_hal_gpio.o
 .debug_aranges
                0x00000788       0x90 build/stm32f4xx_hal_dma.o
 .debug_aranges
                0x00000818       0xa8 build/stm32f4xx_hal_cortex.o
 .debug_aranges
                0x000008c0       0xf0 build/stm32f4xx_hal.o
 .debug_aranges
                0x000009b0       0x28 build/system_stm32f4xx.o
 .debug_aranges
                0x000009d8       0xe8 build/stm32f4xx_hal_adc.o
 .debug_aranges
                0x00000ac0      0x1d0 build/stm32f4xx_hal_spi.o
 .debug_aranges
                0x00000c90      0x200 build/stm32f4xx_hal_uart.o
 .debug_aranges
                0x00000e90       0x80 build/u8g2_buffer.o
 .debug_aranges
                0x00000f10      0x5a0 build/u8g2_d_memory.o
 .debug_aranges
                0x000014b0     0x1bc0 build/u8g2_d_setup.o
 .debug_aranges
                0x00003070      0x1d0 build/u8g2_font.o
 .debug_aranges
                0x00003240       0x18 build/u8g2_fonts.o
 .debug_aranges
                0x00003258       0x50 build/u8g2_hvline.o
 .debug_aranges
                0x000032a8       0x28 build/u8g2_intersection.o
 .debug_aranges
                0x000032d0       0x28 build/u8g2_ll_hvline.o
 .debug_aranges
                0x000032f8       0xc8 build/u8g2_setup.o
 .debug_aranges
                0x000033c0       0xc8 build/u8x8_8x8.o
 .debug_aranges
                0x00003488       0xe0 build/u8x8_byte.o
 .debug_aranges
                0x00003568       0xd0 build/u8x8_cad.o
 .debug_aranges
                0x00003638       0x58 build/u8x8_d_ssd1306_128x64_noname.o
 .debug_aranges
                0x00003690       0x88 build/u8x8_display.o
 .debug_aranges
                0x00003718       0x20 build/u8x8_gpio.o
 .debug_aranges
                0x00003738       0x38 build/u8x8_setup.o
 .debug_aranges
                0x00003770       0x28 build/startup_stm32f401xe.o

.debug_ranges   0x00000000     0x3668
 .debug_ranges  0x00000000       0x98 build/main.o
 .debug_ranges  0x00000098       0x58 build/stm32f4xx_it.o
 .debug_ranges  0x000000f0       0x68 build/stm32f4xx_hal_msp.o
 .debug_ranges  0x00000158      0x3c0 build/stm32f4xx_hal_tim.o
 .debug_ranges  0x00000518      0x158 build/stm32f4xx_hal_tim_ex.o
 .debug_ranges  0x00000670       0x90 build/stm32f4xx_hal_rcc.o
 .debug_ranges  0x00000700       0x48 build/stm32f4xx_hal_gpio.o
 .debug_ranges  0x00000748       0x80 build/stm32f4xx_hal_dma.o
 .debug_ranges  0x000007c8       0xf8 build/stm32f4xx_hal_cortex.o
 .debug_ranges  0x000008c0       0xe0 build/stm32f4xx_hal.o
 .debug_ranges  0x000009a0       0x18 build/system_stm32f4xx.o
 .debug_ranges  0x000009b8       0xd8 build/stm32f4xx_hal_adc.o
 .debug_ranges  0x00000a90      0x1c0 build/stm32f4xx_hal_spi.o
 .debug_ranges  0x00000c50      0x208 build/stm32f4xx_hal_uart.o
 .debug_ranges  0x00000e58       0x70 build/u8g2_buffer.o
 .debug_ranges  0x00000ec8      0x590 build/u8g2_d_memory.o
 .debug_ranges  0x00001458     0x1bb0 build/u8g2_d_setup.o
 .debug_ranges  0x00003008      0x1d8 build/u8g2_font.o
 .debug_ranges  0x000031e0       0x40 build/u8g2_hvline.o
 .debug_ranges  0x00003220       0x18 build/u8g2_intersection.o
 .debug_ranges  0x00003238       0x18 build/u8g2_ll_hvline.o
 .debug_ranges  0x00003250       0xb8 build/u8g2_setup.o
 .debug_ranges  0x00003308       0xb8 build/u8x8_8x8.o
 .debug_ranges  0x000033c0       0xd0 build/u8x8_byte.o
 .debug_ranges  0x00003490       0xc0 build/u8x8_cad.o
 .debug_ranges  0x00003550       0x48 build/u8x8_d_ssd1306_128x64_noname.o
 .debug_ranges  0x00003598       0x78 build/u8x8_display.o
 .debug_ranges  0x00003610       0x10 build/u8x8_gpio.o
 .debug_ranges  0x00003620       0x28 build/u8x8_setup.o
 .debug_ranges  0x00003648       0x20 build/startup_stm32f401xe.o

.debug_line     0x00000000    0x238f2
 .debug_line    0x00000000      0xd91 build/main.o
 .debug_line    0x00000d91      0x2cc build/stm32f4xx_it.o
 .debug_line    0x0000105d      0x5f7 build/stm32f4xx_hal_msp.o
 .debug_line    0x00001654     0x49cb build/stm32f4xx_hal_tim.o
 .debug_line    0x0000601f     0x1c76 build/stm32f4xx_hal_tim_ex.o
 .debug_line    0x00007c95      0xb23 build/stm32f4xx_hal_rcc.o
 .debug_line    0x000087b8      0x6d7 build/stm32f4xx_hal_gpio.o
 .debug_line    0x00008e8f      0xe39 build/stm32f4xx_hal_dma.o
 .debug_line    0x00009cc8      0x78c build/stm32f4xx_hal_cortex.o
 .debug_line    0x0000a454      0x579 build/stm32f4xx_hal.o
 .debug_line    0x0000a9cd      0x264 build/system_stm32f4xx.o
 .debug_line    0x0000ac31     0x100d build/stm32f4xx_hal_adc.o
 .debug_line    0x0000bc3e     0x24fd build/stm32f4xx_hal_spi.o
 .debug_line    0x0000e13b     0x4602 build/stm32f4xx_hal_uart.o
 .debug_line    0x0001273d      0x4db build/u8g2_buffer.o
 .debug_line    0x00012c18     0x1940 build/u8g2_d_memory.o
 .debug_line    0x00014558     0xa037 build/u8g2_d_setup.o
 .debug_line    0x0001e58f     0x14d6 build/u8g2_font.o
 .debug_line    0x0001fa65      0x12e build/u8g2_fonts.o
 .debug_line    0x0001fb93      0x37b build/u8g2_hvline.o
 .debug_line    0x0001ff0e      0x1c6 build/u8g2_intersection.o
 .debug_line    0x000200d4      0x36b build/u8g2_ll_hvline.o
 .debug_line    0x0002043f      0x85a build/u8g2_setup.o
 .debug_line    0x00020c99      0xa5d build/u8x8_8x8.o
 .debug_line    0x000216f6      0x9ac build/u8x8_byte.o
 .debug_line    0x000220a2      0xc50 build/u8x8_cad.o
 .debug_line    0x00022cf2      0x453 build/u8x8_d_ssd1306_128x64_noname.o
 .debug_line    0x00023145      0x3d5 build/u8x8_display.o
 .debug_line    0x0002351a      0x14e build/u8x8_gpio.o
 .debug_line    0x00023668      0x214 build/u8x8_setup.o
 .debug_line    0x0002387c       0x76 build/startup_stm32f401xe.o

.debug_str      0x00000000    0x18ecb
 .debug_str     0x00000000     0x1eb2 build/main.o
                               0x206b (size before relaxing)
 .debug_str     0x00001eb2       0xdf build/stm32f4xx_it.o
                                0x49d (size before relaxing)
 .debug_str     0x00001f91      0x141 build/stm32f4xx_hal_msp.o
                                0xeb8 (size before relaxing)
 .debug_str     0x000020d2      0xd10 build/stm32f4xx_hal_tim.o
                               0x1692 (size before relaxing)
 .debug_str     0x00002de2      0x46f build/stm32f4xx_hal_tim_ex.o
                                0xe93 (size before relaxing)
 .debug_str     0x00003251      0x219 build/stm32f4xx_hal_rcc.o
                                0x6f1 (size before relaxing)
 .debug_str     0x0000346a       0xfc build/stm32f4xx_hal_gpio.o
                                0x4cb (size before relaxing)
 .debug_str     0x00003566      0x2a7 build/stm32f4xx_hal_dma.o
                                0x74f (size before relaxing)
 .debug_str     0x0000380d      0x4d8 build/stm32f4xx_hal_cortex.o
                                0xaa3 (size before relaxing)
 .debug_str     0x00003ce5      0x295 build/stm32f4xx_hal.o
                                0x9e3 (size before relaxing)
 .debug_str     0x00003f7a       0x47 build/system_stm32f4xx.o
                                0x360 (size before relaxing)
 .debug_str     0x00003fc1      0x291 build/stm32f4xx_hal_adc.o
                                0x93b (size before relaxing)
 .debug_str     0x00004252      0x514 build/stm32f4xx_hal_spi.o
                                0xbd3 (size before relaxing)
 .debug_str     0x00004766      0x5d2 build/stm32f4xx_hal_uart.o
                                0xd32 (size before relaxing)
 .debug_str     0x00004d38      0x1dd build/u8g2_buffer.o
                                0xa70 (size before relaxing)
 .debug_str     0x00004f15      0xa15 build/u8g2_d_memory.o
                                0xb7b (size before relaxing)
 .debug_str     0x0000592a     0x6df4 build/u8g2_d_setup.o
                               0x8053 (size before relaxing)
 .debug_str     0x0000c71e      0x5f3 build/u8g2_font.o
                                0xea3 (size before relaxing)
 .debug_str     0x0000cd11     0xb3a3 build/u8g2_fonts.o
                               0xb51e (size before relaxing)
 .debug_str     0x000180b4       0x8e build/u8g2_hvline.o
                                0x8f6 (size before relaxing)
 .debug_str     0x00018142       0x49 build/u8g2_intersection.o
                                0x8af (size before relaxing)
 .debug_str     0x0001818b       0x70 build/u8g2_ll_hvline.o
                                0x8de (size before relaxing)
 .debug_str     0x000181fb      0x24d build/u8g2_setup.o
                                0xb4a (size before relaxing)
 .debug_str     0x00018448      0x1cc build/u8x8_8x8.o
                                0x627 (size before relaxing)
 .debug_str     0x00018614      0x201 build/u8x8_byte.o
                                0x65b (size before relaxing)
 .debug_str     0x00018815      0x1cc build/u8x8_cad.o
                                0x6c2 (size before relaxing)
 .debug_str     0x000189e1      0x385 build/u8x8_d_ssd1306_128x64_noname.o
                                0x83d (size before relaxing)
 .debug_str     0x00018d66       0xbd build/u8x8_display.o
                                0x5c8 (size before relaxing)
 .debug_str     0x00018e23       0x1e build/u8x8_gpio.o
                                0x45f (size before relaxing)
 .debug_str     0x00018e41       0x66 build/u8x8_setup.o
                                0x502 (size before relaxing)
 .debug_str     0x00018ea7       0x24 build/startup_stm32f401xe.o
                                 0x43 (size before relaxing)

.comment        0x00000000       0x49
 .comment       0x00000000       0x49 build/main.o
                                 0x4a (size before relaxing)
 .comment       0x00000049       0x4a build/stm32f4xx_it.o
 .comment       0x00000049       0x4a build/stm32f4xx_hal_msp.o
 .comment       0x00000049       0x4a build/stm32f4xx_hal_tim.o
 .comment       0x00000049       0x4a build/stm32f4xx_hal_tim_ex.o
 .comment       0x00000049       0x4a build/stm32f4xx_hal_rcc.o
 .comment       0x00000049       0x4a build/stm32f4xx_hal_gpio.o
 .comment       0x00000049       0x4a build/stm32f4xx_hal_dma.o
 .comment       0x00000049       0x4a build/stm32f4xx_hal_cortex.o
 .comment       0x00000049       0x4a build/stm32f4xx_hal.o
 .comment       0x00000049       0x4a build/system_stm32f4xx.o
 .comment       0x00000049       0x4a build/stm32f4xx_hal_adc.o
 .comment       0x00000049       0x4a build/stm32f4xx_hal_spi.o
 .comment       0x00000049       0x4a build/stm32f4xx_hal_uart.o
 .comment       0x00000049       0x4a build/u8g2_buffer.o
 .comment       0x00000049       0x4a build/u8g2_d_memory.o
 .comment       0x00000049       0x4a build/u8g2_d_setup.o
 .comment       0x00000049       0x4a build/u8g2_font.o
 .comment       0x00000049       0x4a build/u8g2_fonts.o
 .comment       0x00000049       0x4a build/u8g2_hvline.o
 .comment       0x00000049       0x4a build/u8g2_intersection.o
 .comment       0x00000049       0x4a build/u8g2_ll_hvline.o
 .comment       0x00000049       0x4a build/u8g2_setup.o
 .comment       0x00000049       0x4a build/u8x8_8x8.o
 .comment       0x00000049       0x4a build/u8x8_byte.o
 .comment       0x00000049       0x4a build/u8x8_cad.o
 .comment       0x00000049       0x4a build/u8x8_d_ssd1306_128x64_noname.o
 .comment       0x00000049       0x4a build/u8x8_display.o
 .comment       0x00000049       0x4a build/u8x8_gpio.o
 .comment       0x00000049       0x4a build/u8x8_setup.o

.debug_frame    0x00000000     0xba80
 .debug_frame   0x00000000      0x1ec build/main.o
 .debug_frame   0x000001ec       0xc0 build/stm32f4xx_it.o
 .debug_frame   0x000002ac      0x158 build/stm32f4xx_hal_msp.o
 .debug_frame   0x00000404      0xb20 build/stm32f4xx_hal_tim.o
 .debug_frame   0x00000f24      0x40c build/stm32f4xx_hal_tim_ex.o
 .debug_frame   0x00001330      0x16c build/stm32f4xx_hal_rcc.o
 .debug_frame   0x0000149c       0xd8 build/stm32f4xx_hal_gpio.o
 .debug_frame   0x00001574      0x188 build/stm32f4xx_hal_dma.o
 .debug_frame   0x000016fc      0x148 build/stm32f4xx_hal_cortex.o
 .debug_frame   0x00001844      0x1ec build/stm32f4xx_hal.o
 .debug_frame   0x00001a30       0x30 build/system_stm32f4xx.o
 .debug_frame   0x00001a60      0x268 build/stm32f4xx_hal_adc.o
 .debug_frame   0x00001cc8      0x5a4 build/stm32f4xx_hal_spi.o
 .debug_frame   0x0000226c      0x5cc build/stm32f4xx_hal_uart.o
 .debug_frame   0x00002838      0x190 build/u8g2_buffer.o
 .debug_frame   0x000029c8      0xb20 build/u8g2_d_memory.o
 .debug_frame   0x000034e8     0x6eb0 build/u8g2_d_setup.o
 .debug_frame   0x0000a398      0x56c build/u8g2_font.o
 .debug_frame   0x0000a904       0xd8 build/u8g2_hvline.o
 .debug_frame   0x0000a9dc       0x3c build/u8g2_intersection.o
 .debug_frame   0x0000aa18       0x48 build/u8g2_ll_hvline.o
 .debug_frame   0x0000aa60      0x27c build/u8g2_setup.o
 .debug_frame   0x0000acdc      0x278 build/u8x8_8x8.o
 .debug_frame   0x0000af54      0x2a8 build/u8x8_byte.o
 .debug_frame   0x0000b1fc      0x2d0 build/u8x8_cad.o
 .debug_frame   0x0000b4cc       0xf0 build/u8x8_d_ssd1306_128x64_noname.o
 .debug_frame   0x0000b5bc      0x184 build/u8x8_display.o
 .debug_frame   0x0000b740       0x28 build/u8x8_gpio.o
 .debug_frame   0x0000b768       0x68 build/u8x8_setup.o
 .debug_frame   0x0000b7d0       0x2c c:/program files (x86)/gnu arm embedded toolchain/10 2021.10/bin/../lib/gcc/arm-none-eabi/10.3.1/../../../../arm-none-eabi/lib/thumb/v7e-m+fp/hard\libc_nano.a(lib_a-init.o)
 .debug_frame   0x0000b7fc       0x30 c:/program files (x86)/gnu arm embedded toolchain/10 2021.10/bin/../lib/gcc/arm-none-eabi/10.3.1/../../../../arm-none-eabi/lib/thumb/v7e-m+fp/hard\libc_nano.a(lib_a-malloc.o)
 .debug_frame   0x0000b82c       0x20 c:/program files (x86)/gnu arm embedded toolchain/10 2021.10/bin/../lib/gcc/arm-none-eabi/10.3.1/../../../../arm-none-eabi/lib/thumb/v7e-m+fp/hard\libc_nano.a(lib_a-memset.o)
 .debug_frame   0x0000b84c       0x4c c:/program files (x86)/gnu arm embedded toolchain/10 2021.10/bin/../lib/gcc/arm-none-eabi/10.3.1/../../../../arm-none-eabi/lib/thumb/v7e-m+fp/hard\libc_nano.a(lib_a-nano-mallocr.o)
 .debug_frame   0x0000b898       0x2c c:/program files (x86)/gnu arm embedded toolchain/10 2021.10/bin/../lib/gcc/arm-none-eabi/10.3.1/../../../../arm-none-eabi/lib/thumb/v7e-m+fp/hard\libc_nano.a(lib_a-sbrkr.o)
 .debug_frame   0x0000b8c4       0x30 c:/program files (x86)/gnu arm embedded toolchain/10 2021.10/bin/../lib/gcc/arm-none-eabi/10.3.1/../../../../arm-none-eabi/lib/thumb/v7e-m+fp/hard\libc_nano.a(lib_a-mlock.o)
 .debug_frame   0x0000b8f4       0x5c c:/program files (x86)/gnu arm embedded toolchain/10 2021.10/bin/../lib/gcc/arm-none-eabi/10.3.1/../../../../arm-none-eabi/lib/thumb/v7e-m+fp/hard\libc_nano.a(lib_a-reent.o)
 .debug_frame   0x0000b950       0xb0 c:/program files (x86)/gnu arm embedded toolchain/10 2021.10/bin/../lib/gcc/arm-none-eabi/10.3.1/../../../../arm-none-eabi/lib/thumb/v7e-m+fp/hard\libc_nano.a(lib_a-lock.o)
 .debug_frame   0x0000ba00       0x20 c:/program files (x86)/gnu arm embedded toolchain/10 2021.10/bin/../lib/gcc/arm-none-eabi/10.3.1/../../../../arm-none-eabi/lib/thumb/v7e-m+fp/hard\libnosys.a(sbrk.o)
 .debug_frame   0x0000ba20       0x2c c:/program files (x86)/gnu arm embedded toolchain/10 2021.10/bin/../lib/gcc/arm-none-eabi/10.3.1/thumb/v7e-m+fp/hard\libgcc.a(_aeabi_uldivmod.o)
 .debug_frame   0x0000ba4c       0x34 c:/program files (x86)/gnu arm embedded toolchain/10 2021.10/bin/../lib/gcc/arm-none-eabi/10.3.1/thumb/v7e-m+fp/hard\libgcc.a(_udivmoddi4.o)

Cross Reference Table

Symbol                                            File
ADC_IRQHandler                                    build/startup_stm32f401xe.o
AHBPrescTable                                     build/system_stm32f4xx.o
                                                  build/stm32f4xx_hal_rcc.o
APBPrescTable                                     build/system_stm32f4xx.o
                                                  build/stm32f4xx_hal_rcc.o
BusFault_Handler                                  build/stm32f4xx_it.o
DMA1_Stream0_IRQHandler                           build/startup_stm32f401xe.o
DMA1_Stream1_IRQHandler                           build/startup_stm32f401xe.o
DMA1_Stream2_IRQHandler                           build/startup_stm32f401xe.o
DMA1_Stream3_IRQHandler                           build/startup_stm32f401xe.o
DMA1_Stream4_IRQHandler                           build/startup_stm32f401xe.o
DMA1_Stream5_IRQHandler                           build/startup_stm32f401xe.o
DMA1_Stream6_IRQHandler                           build/startup_stm32f401xe.o
DMA1_Stream7_IRQHandler                           build/startup_stm32f401xe.o
DMA2_Stream0_IRQHandler                           build/stm32f4xx_it.o
DMA2_Stream1_IRQHandler                           build/startup_stm32f401xe.o
DMA2_Stream2_IRQHandler                           build/startup_stm32f401xe.o
DMA2_Stream3_IRQHandler                           build/startup_stm32f401xe.o
DMA2_Stream4_IRQHandler                           build/startup_stm32f401xe.o
DMA2_Stream5_IRQHandler                           build/startup_stm32f401xe.o
DMA2_Stream6_IRQHandler                           build/startup_stm32f401xe.o
DMA2_Stream7_IRQHandler                           build/startup_stm32f401xe.o
DebugMon_Handler                                  build/stm32f4xx_it.o
Default_Handler                                   build/startup_stm32f401xe.o
EXTI0_IRQHandler                                  build/startup_stm32f401xe.o
EXTI15_10_IRQHandler                              build/startup_stm32f401xe.o
EXTI1_IRQHandler                                  build/startup_stm32f401xe.o
EXTI2_IRQHandler                                  build/startup_stm32f401xe.o
EXTI3_IRQHandler                                  build/startup_stm32f401xe.o
EXTI4_IRQHandler                                  build/startup_stm32f401xe.o
EXTI9_5_IRQHandler                                build/startup_stm32f401xe.o
Error_Handler                                     build/main.o
                                                  build/stm32f4xx_hal_msp.o
FLASH_Erase_Sector                                build/stm32f4xx_hal_flash_ex.o
                                                  build/stm32f4xx_hal_flash.o
FLASH_FlushCaches                                 build/stm32f4xx_hal_flash_ex.o
                                                  build/stm32f4xx_hal_flash.o
FLASH_IRQHandler                                  build/startup_stm32f401xe.o
FLASH_WaitForLastOperation                        build/stm32f4xx_hal_flash.o
                                                  build/stm32f4xx_hal_flash_ex.o
FPU_IRQHandler                                    build/startup_stm32f401xe.o
HAL_ADCEx_InjectedConfigChannel                   build/stm32f4xx_hal_adc_ex.o
HAL_ADCEx_InjectedConvCpltCallback                build/stm32f4xx_hal_adc_ex.o
                                                  build/stm32f4xx_hal_adc.o
HAL_ADCEx_InjectedGetValue                        build/stm32f4xx_hal_adc_ex.o
HAL_ADCEx_InjectedPollForConversion               build/stm32f4xx_hal_adc_ex.o
HAL_ADCEx_InjectedStart                           build/stm32f4xx_hal_adc_ex.o
HAL_ADCEx_InjectedStart_IT                        build/stm32f4xx_hal_adc_ex.o
HAL_ADCEx_InjectedStop                            build/stm32f4xx_hal_adc_ex.o
HAL_ADCEx_InjectedStop_IT                         build/stm32f4xx_hal_adc_ex.o
HAL_ADCEx_MultiModeConfigChannel                  build/stm32f4xx_hal_adc_ex.o
HAL_ADCEx_MultiModeGetValue                       build/stm32f4xx_hal_adc_ex.o
HAL_ADCEx_MultiModeStart_DMA                      build/stm32f4xx_hal_adc_ex.o
HAL_ADCEx_MultiModeStop_DMA                       build/stm32f4xx_hal_adc_ex.o
HAL_ADC_AnalogWDGConfig                           build/stm32f4xx_hal_adc.o
HAL_ADC_ConfigChannel                             build/stm32f4xx_hal_adc.o
                                                  build/main.o
HAL_ADC_ConvCpltCallback                          build/stm32f4xx_hal_adc.o
                                                  build/stm32f4xx_hal_adc_ex.o
HAL_ADC_ConvHalfCpltCallback                      build/stm32f4xx_hal_adc.o
                                                  build/stm32f4xx_hal_adc_ex.o
HAL_ADC_DeInit                                    build/stm32f4xx_hal_adc.o
HAL_ADC_ErrorCallback                             build/stm32f4xx_hal_adc.o
                                                  build/stm32f4xx_hal_adc_ex.o
HAL_ADC_GetError                                  build/stm32f4xx_hal_adc.o
HAL_ADC_GetState                                  build/stm32f4xx_hal_adc.o
HAL_ADC_GetValue                                  build/stm32f4xx_hal_adc.o
HAL_ADC_IRQHandler                                build/stm32f4xx_hal_adc.o
HAL_ADC_Init                                      build/stm32f4xx_hal_adc.o
                                                  build/main.o
HAL_ADC_LevelOutOfWindowCallback                  build/stm32f4xx_hal_adc.o
HAL_ADC_MspDeInit                                 build/stm32f4xx_hal_msp.o
HAL_ADC_MspInit                                   build/stm32f4xx_hal_msp.o
HAL_ADC_PollForConversion                         build/stm32f4xx_hal_adc.o
HAL_ADC_PollForEvent                              build/stm32f4xx_hal_adc.o
HAL_ADC_Start                                     build/stm32f4xx_hal_adc.o
HAL_ADC_Start_DMA                                 build/stm32f4xx_hal_adc.o
                                                  build/main.o
HAL_ADC_Start_IT                                  build/stm32f4xx_hal_adc.o
HAL_ADC_Stop                                      build/stm32f4xx_hal_adc.o
HAL_ADC_Stop_DMA                                  build/stm32f4xx_hal_adc.o
HAL_ADC_Stop_IT                                   build/stm32f4xx_hal_adc.o
HAL_DBGMCU_DisableDBGSleepMode                    build/stm32f4xx_hal.o
HAL_DBGMCU_DisableDBGStandbyMode                  build/stm32f4xx_hal.o
HAL_DBGMCU_DisableDBGStopMode                     build/stm32f4xx_hal.o
HAL_DBGMCU_EnableDBGSleepMode                     build/stm32f4xx_hal.o
HAL_DBGMCU_EnableDBGStandbyMode                   build/stm32f4xx_hal.o
HAL_DBGMCU_EnableDBGStopMode                      build/stm32f4xx_hal.o
HAL_DMAEx_ChangeMemory                            build/stm32f4xx_hal_dma_ex.o
HAL_DMAEx_MultiBufferStart                        build/stm32f4xx_hal_dma_ex.o
HAL_DMAEx_MultiBufferStart_IT                     build/stm32f4xx_hal_dma_ex.o
HAL_DMA_Abort                                     build/stm32f4xx_hal_dma.o
                                                  build/stm32f4xx_hal_uart.o
                                                  build/stm32f4xx_hal_spi.o
                                                  build/stm32f4xx_hal_adc_ex.o
                                                  build/stm32f4xx_hal_adc.o
HAL_DMA_Abort_IT                                  build/stm32f4xx_hal_dma.o
                                                  build/stm32f4xx_hal_uart.o
                                                  build/stm32f4xx_hal_spi.o
                                                  build/stm32f4xx_hal_tim_ex.o
                                                  build/stm32f4xx_hal_tim.o
HAL_DMA_DeInit                                    build/stm32f4xx_hal_dma.o
                                                  build/stm32f4xx_hal_msp.o
HAL_DMA_GetError                                  build/stm32f4xx_hal_dma.o
                                                  build/stm32f4xx_hal_uart.o
HAL_DMA_GetState                                  build/stm32f4xx_hal_dma.o
HAL_DMA_IRQHandler                                build/stm32f4xx_hal_dma.o
                                                  build/stm32f4xx_it.o
HAL_DMA_Init                                      build/stm32f4xx_hal_dma.o
                                                  build/stm32f4xx_hal_msp.o
HAL_DMA_PollForTransfer                           build/stm32f4xx_hal_dma.o
HAL_DMA_RegisterCallback                          build/stm32f4xx_hal_dma.o
HAL_DMA_Start                                     build/stm32f4xx_hal_dma.o
HAL_DMA_Start_IT                                  build/stm32f4xx_hal_dma.o
                                                  build/stm32f4xx_hal_uart.o
                                                  build/stm32f4xx_hal_spi.o
                                                  build/stm32f4xx_hal_adc_ex.o
                                                  build/stm32f4xx_hal_adc.o
                                                  build/stm32f4xx_hal_tim_ex.o
                                                  build/stm32f4xx_hal_tim.o
HAL_DMA_UnRegisterCallback                        build/stm32f4xx_hal_dma.o
HAL_DeInit                                        build/stm32f4xx_hal.o
HAL_Delay                                         build/stm32f4xx_hal.o
                                                  build/main.o
HAL_DisableCompensationCell                       build/stm32f4xx_hal.o
HAL_EXTI_ClearConfigLine                          build/stm32f4xx_hal_exti.o
HAL_EXTI_ClearPending                             build/stm32f4xx_hal_exti.o
HAL_EXTI_GenerateSWI                              build/stm32f4xx_hal_exti.o
HAL_EXTI_GetConfigLine                            build/stm32f4xx_hal_exti.o
HAL_EXTI_GetHandle                                build/stm32f4xx_hal_exti.o
HAL_EXTI_GetPending                               build/stm32f4xx_hal_exti.o
HAL_EXTI_IRQHandler                               build/stm32f4xx_hal_exti.o
HAL_EXTI_RegisterCallback                         build/stm32f4xx_hal_exti.o
HAL_EXTI_SetConfigLine                            build/stm32f4xx_hal_exti.o
HAL_EnableCompensationCell                        build/stm32f4xx_hal.o
HAL_FLASHEx_AdvOBGetConfig                        build/stm32f4xx_hal_flash_ex.o
HAL_FLASHEx_AdvOBProgram                          build/stm32f4xx_hal_flash_ex.o
HAL_FLASHEx_Erase                                 build/stm32f4xx_hal_flash_ex.o
HAL_FLASHEx_Erase_IT                              build/stm32f4xx_hal_flash_ex.o
HAL_FLASHEx_OBGetConfig                           build/stm32f4xx_hal_flash_ex.o
HAL_FLASHEx_OBProgram                             build/stm32f4xx_hal_flash_ex.o
HAL_FLASHEx_OB_DeSelectPCROP                      build/stm32f4xx_hal_flash_ex.o
HAL_FLASHEx_OB_SelectPCROP                        build/stm32f4xx_hal_flash_ex.o
HAL_FLASH_EndOfOperationCallback                  build/stm32f4xx_hal_flash.o
HAL_FLASH_GetError                                build/stm32f4xx_hal_flash.o
HAL_FLASH_IRQHandler                              build/stm32f4xx_hal_flash.o
HAL_FLASH_Lock                                    build/stm32f4xx_hal_flash.o
HAL_FLASH_OB_Launch                               build/stm32f4xx_hal_flash.o
HAL_FLASH_OB_Lock                                 build/stm32f4xx_hal_flash.o
HAL_FLASH_OB_Unlock                               build/stm32f4xx_hal_flash.o
HAL_FLASH_OperationErrorCallback                  build/stm32f4xx_hal_flash.o
HAL_FLASH_Program                                 build/stm32f4xx_hal_flash.o
HAL_FLASH_Program_IT                              build/stm32f4xx_hal_flash.o
HAL_FLASH_Unlock                                  build/stm32f4xx_hal_flash.o
HAL_GPIO_DeInit                                   build/stm32f4xx_hal_gpio.o
                                                  build/stm32f4xx_hal_msp.o
HAL_GPIO_EXTI_Callback                            build/stm32f4xx_hal_gpio.o
HAL_GPIO_EXTI_IRQHandler                          build/stm32f4xx_hal_gpio.o
HAL_GPIO_Init                                     build/stm32f4xx_hal_gpio.o
                                                  build/stm32f4xx_hal_rcc.o
                                                  build/stm32f4xx_hal_msp.o
                                                  build/main.o
HAL_GPIO_LockPin                                  build/stm32f4xx_hal_gpio.o
HAL_GPIO_ReadPin                                  build/stm32f4xx_hal_gpio.o
                                                  build/main.o
HAL_GPIO_TogglePin                                build/stm32f4xx_hal_gpio.o
                                                  build/main.o
HAL_GPIO_WritePin                                 build/stm32f4xx_hal_gpio.o
                                                  build/main.o
HAL_GetDEVID                                      build/stm32f4xx_hal.o
HAL_GetHalVersion                                 build/stm32f4xx_hal.o
HAL_GetREVID                                      build/stm32f4xx_hal.o
HAL_GetTick                                       build/stm32f4xx_hal.o
                                                  build/stm32f4xx_hal_uart.o
                                                  build/stm32f4xx_hal_spi.o
                                                  build/stm32f4xx_hal_adc_ex.o
                                                  build/stm32f4xx_hal_adc.o
                                                  build/stm32f4xx_hal_pwr_ex.o
                                                  build/stm32f4xx_hal_dma.o
                                                  build/stm32f4xx_hal_flash.o
                                                  build/stm32f4xx_hal_rcc_ex.o
                                                  build/stm32f4xx_hal_rcc.o
                                                  build/main.o
HAL_GetTickFreq                                   build/stm32f4xx_hal.o
HAL_GetTickPrio                                   build/stm32f4xx_hal.o
HAL_GetUIDw0                                      build/stm32f4xx_hal.o
HAL_GetUIDw1                                      build/stm32f4xx_hal.o
HAL_GetUIDw2                                      build/stm32f4xx_hal.o
HAL_HalfDuplex_EnableReceiver                     build/stm32f4xx_hal_uart.o
HAL_HalfDuplex_EnableTransmitter                  build/stm32f4xx_hal_uart.o
HAL_HalfDuplex_Init                               build/stm32f4xx_hal_uart.o
HAL_IncTick                                       build/stm32f4xx_hal.o
                                                  build/stm32f4xx_it.o
HAL_Init                                          build/stm32f4xx_hal.o
                                                  build/main.o
HAL_InitTick                                      build/stm32f4xx_hal.o
                                                  build/stm32f4xx_hal_rcc_ex.o
                                                  build/stm32f4xx_hal_rcc.o
HAL_LIN_Init                                      build/stm32f4xx_hal_uart.o
HAL_LIN_SendBreak                                 build/stm32f4xx_hal_uart.o
HAL_MPU_ConfigRegion                              build/stm32f4xx_hal_cortex.o
HAL_MPU_Disable                                   build/stm32f4xx_hal_cortex.o
HAL_MPU_Enable                                    build/stm32f4xx_hal_cortex.o
HAL_MspDeInit                                     build/stm32f4xx_hal.o
HAL_MspInit                                       build/stm32f4xx_hal_msp.o
HAL_MultiProcessor_EnterMuteMode                  build/stm32f4xx_hal_uart.o
HAL_MultiProcessor_ExitMuteMode                   build/stm32f4xx_hal_uart.o
HAL_MultiProcessor_Init                           build/stm32f4xx_hal_uart.o
HAL_NVIC_ClearPendingIRQ                          build/stm32f4xx_hal_cortex.o
HAL_NVIC_DisableIRQ                               build/stm32f4xx_hal_cortex.o
HAL_NVIC_EnableIRQ                                build/stm32f4xx_hal_cortex.o
                                                  build/main.o
HAL_NVIC_GetActive                                build/stm32f4xx_hal_cortex.o
HAL_NVIC_GetPendingIRQ                            build/stm32f4xx_hal_cortex.o
HAL_NVIC_GetPriority                              build/stm32f4xx_hal_cortex.o
HAL_NVIC_GetPriorityGrouping                      build/stm32f4xx_hal_cortex.o
HAL_NVIC_SetPendingIRQ                            build/stm32f4xx_hal_cortex.o
HAL_NVIC_SetPriority                              build/stm32f4xx_hal_cortex.o
                                                  build/stm32f4xx_hal.o
                                                  build/main.o
HAL_NVIC_SetPriorityGrouping                      build/stm32f4xx_hal_cortex.o
                                                  build/stm32f4xx_hal.o
HAL_NVIC_SystemReset                              build/stm32f4xx_hal_cortex.o
HAL_PWREx_ControlVoltageScaling                   build/stm32f4xx_hal_pwr_ex.o
HAL_PWREx_DisableBkUpReg                          build/stm32f4xx_hal_pwr_ex.o
HAL_PWREx_DisableFlashPowerDown                   build/stm32f4xx_hal_pwr_ex.o
HAL_PWREx_DisableLowRegulatorLowVoltage           build/stm32f4xx_hal_pwr_ex.o
HAL_PWREx_DisableMainRegulatorLowVoltage          build/stm32f4xx_hal_pwr_ex.o
HAL_PWREx_EnableBkUpReg                           build/stm32f4xx_hal_pwr_ex.o
HAL_PWREx_EnableFlashPowerDown                    build/stm32f4xx_hal_pwr_ex.o
HAL_PWREx_EnableLowRegulatorLowVoltage            build/stm32f4xx_hal_pwr_ex.o
HAL_PWREx_EnableMainRegulatorLowVoltage           build/stm32f4xx_hal_pwr_ex.o
HAL_PWREx_GetVoltageRange                         build/stm32f4xx_hal_pwr_ex.o
HAL_PWR_ConfigPVD                                 build/stm32f4xx_hal_pwr.o
HAL_PWR_DeInit                                    build/stm32f4xx_hal_pwr.o
HAL_PWR_DisableBkUpAccess                         build/stm32f4xx_hal_pwr.o
HAL_PWR_DisablePVD                                build/stm32f4xx_hal_pwr.o
HAL_PWR_DisableSEVOnPend                          build/stm32f4xx_hal_pwr.o
HAL_PWR_DisableSleepOnExit                        build/stm32f4xx_hal_pwr.o
HAL_PWR_DisableWakeUpPin                          build/stm32f4xx_hal_pwr.o
HAL_PWR_EnableBkUpAccess                          build/stm32f4xx_hal_pwr.o
HAL_PWR_EnablePVD                                 build/stm32f4xx_hal_pwr.o
HAL_PWR_EnableSEVOnPend                           build/stm32f4xx_hal_pwr.o
HAL_PWR_EnableSleepOnExit                         build/stm32f4xx_hal_pwr.o
HAL_PWR_EnableWakeUpPin                           build/stm32f4xx_hal_pwr.o
HAL_PWR_EnterSLEEPMode                            build/stm32f4xx_hal_pwr.o
HAL_PWR_EnterSTANDBYMode                          build/stm32f4xx_hal_pwr.o
HAL_PWR_EnterSTOPMode                             build/stm32f4xx_hal_pwr.o
HAL_PWR_PVDCallback                               build/stm32f4xx_hal_pwr.o
HAL_PWR_PVD_IRQHandler                            build/stm32f4xx_hal_pwr.o
HAL_RCCEx_DisablePLLI2S                           build/stm32f4xx_hal_rcc_ex.o
HAL_RCCEx_EnablePLLI2S                            build/stm32f4xx_hal_rcc_ex.o
HAL_RCCEx_GetPeriphCLKConfig                      build/stm32f4xx_hal_rcc_ex.o
HAL_RCCEx_GetPeriphCLKFreq                        build/stm32f4xx_hal_rcc_ex.o
HAL_RCCEx_PeriphCLKConfig                         build/stm32f4xx_hal_rcc_ex.o
HAL_RCC_CSSCallback                               build/stm32f4xx_hal_rcc.o
HAL_RCC_ClockConfig                               build/stm32f4xx_hal_rcc.o
                                                  build/main.o
HAL_RCC_DeInit                                    build/stm32f4xx_hal_rcc_ex.o
                                                  build/stm32f4xx_hal_rcc.o
HAL_RCC_DisableCSS                                build/stm32f4xx_hal_rcc.o
HAL_RCC_EnableCSS                                 build/stm32f4xx_hal_rcc.o
HAL_RCC_GetClockConfig                            build/stm32f4xx_hal_rcc.o
HAL_RCC_GetHCLKFreq                               build/stm32f4xx_hal_rcc.o
HAL_RCC_GetOscConfig                              build/stm32f4xx_hal_rcc.o
HAL_RCC_GetPCLK1Freq                              build/stm32f4xx_hal_rcc.o
                                                  build/stm32f4xx_hal_uart.o
HAL_RCC_GetPCLK2Freq                              build/stm32f4xx_hal_rcc.o
                                                  build/stm32f4xx_hal_uart.o
HAL_RCC_GetSysClockFreq                           build/stm32f4xx_hal_rcc.o
HAL_RCC_MCOConfig                                 build/stm32f4xx_hal_rcc.o
HAL_RCC_NMI_IRQHandler                            build/stm32f4xx_hal_rcc.o
HAL_RCC_OscConfig                                 build/stm32f4xx_hal_rcc.o
                                                  build/main.o
HAL_ResumeTick                                    build/stm32f4xx_hal.o
HAL_SPI_Abort                                     build/stm32f4xx_hal_spi.o
HAL_SPI_AbortCpltCallback                         build/stm32f4xx_hal_spi.o
HAL_SPI_Abort_IT                                  build/stm32f4xx_hal_spi.o
HAL_SPI_DMAPause                                  build/stm32f4xx_hal_spi.o
HAL_SPI_DMAResume                                 build/stm32f4xx_hal_spi.o
HAL_SPI_DMAStop                                   build/stm32f4xx_hal_spi.o
HAL_SPI_DeInit                                    build/stm32f4xx_hal_spi.o
HAL_SPI_ErrorCallback                             build/stm32f4xx_hal_spi.o
HAL_SPI_GetError                                  build/stm32f4xx_hal_spi.o
HAL_SPI_GetState                                  build/stm32f4xx_hal_spi.o
HAL_SPI_IRQHandler                                build/stm32f4xx_hal_spi.o
HAL_SPI_Init                                      build/stm32f4xx_hal_spi.o
                                                  build/main.o
HAL_SPI_MspDeInit                                 build/stm32f4xx_hal_msp.o
HAL_SPI_MspInit                                   build/stm32f4xx_hal_msp.o
HAL_SPI_Receive                                   build/stm32f4xx_hal_spi.o